Component: ARM Compiler 5.06 update 7 (build 960) Tool: armlink [4d3601]

==============================================================================

Section Cross References

    startup_stm32f103xe.o(STACK) refers (Special) to heapauxi.o(.text) for __use_two_region_memory
    startup_stm32f103xe.o(HEAP) refers (Special) to heapauxi.o(.text) for __use_two_region_memory
    startup_stm32f103xe.o(RESET) refers (Special) to heapauxi.o(.text) for __use_two_region_memory
    startup_stm32f103xe.o(RESET) refers to startup_stm32f103xe.o(STACK) for __initial_sp
    startup_stm32f103xe.o(RESET) refers to startup_stm32f103xe.o(.text) for Reset_Handler
    startup_stm32f103xe.o(RESET) refers to stm32f1xx_it.o(i.NMI_Handler) for NMI_Handler
    startup_stm32f103xe.o(RESET) refers to stm32f1xx_it.o(i.HardFault_Handler) for HardFault_Handler
    startup_stm32f103xe.o(RESET) refers to stm32f1xx_it.o(i.MemManage_Handler) for MemManage_Handler
    startup_stm32f103xe.o(RESET) refers to stm32f1xx_it.o(i.BusFault_Handler) for BusFault_Handler
    startup_stm32f103xe.o(RESET) refers to stm32f1xx_it.o(i.UsageFault_Handler) for UsageFault_Handler
    startup_stm32f103xe.o(RESET) refers to stm32f1xx_it.o(i.SVC_Handler) for SVC_Handler
    startup_stm32f103xe.o(RESET) refers to stm32f1xx_it.o(i.DebugMon_Handler) for DebugMon_Handler
    startup_stm32f103xe.o(RESET) refers to stm32f1xx_it.o(i.PendSV_Handler) for PendSV_Handler
    startup_stm32f103xe.o(RESET) refers to stm32f1xx_it.o(i.SysTick_Handler) for SysTick_Handler
    startup_stm32f103xe.o(RESET) refers to iap_timer.o(i.TIM1_UP_IRQHandler) for TIM1_UP_IRQHandler
    startup_stm32f103xe.o(RESET) refers to iap_uart.o(i.USART1_IRQHandler) for USART1_IRQHandler
    startup_stm32f103xe.o(.text) refers (Special) to heapauxi.o(.text) for __use_two_region_memory
    startup_stm32f103xe.o(.text) refers to system_stm32f1xx.o(i.SystemInit) for SystemInit
    startup_stm32f103xe.o(.text) refers to __main.o(!!!main) for __main
    startup_stm32f103xe.o(.text) refers to startup_stm32f103xe.o(HEAP) for Heap_Mem
    startup_stm32f103xe.o(.text) refers to startup_stm32f103xe.o(STACK) for Stack_Mem
    main.o(i.SystemClock_Config) refers to rt_memclr_w.o(.text) for __aeabi_memclr4
    main.o(i.SystemClock_Config) refers to stm32f1xx_hal_rcc.o(i.HAL_RCC_OscConfig) for HAL_RCC_OscConfig
    main.o(i.SystemClock_Config) refers to stm32f1xx_hal_rcc.o(i.HAL_RCC_ClockConfig) for HAL_RCC_ClockConfig
    main.o(i.main) refers to stm32f1xx_hal.o(i.HAL_Init) for HAL_Init
    main.o(i.main) refers to main.o(i.SystemClock_Config) for SystemClock_Config
    main.o(i.main) refers to gpio.o(i.MX_GPIO_Init) for MX_GPIO_Init
    main.o(i.main) refers to usart.o(i.MX_USART2_UART_Init) for MX_USART2_UART_Init
    main.o(i.main) refers to iap_bootloader.o(i.IAP_Bootloader_Init) for IAP_Bootloader_Init
    main.o(i.main) refers to iap_bootloader.o(i.IAP_Bootloader_MainLoop) for IAP_Bootloader_MainLoop
    tim.o(i.HAL_TIM_Base_MspDeInit) refers to stm32f1xx_hal_cortex.o(i.HAL_NVIC_DisableIRQ) for HAL_NVIC_DisableIRQ
    tim.o(i.HAL_TIM_Base_MspInit) refers to stm32f1xx_hal_cortex.o(i.HAL_NVIC_SetPriority) for HAL_NVIC_SetPriority
    tim.o(i.HAL_TIM_Base_MspInit) refers to stm32f1xx_hal_cortex.o(i.HAL_NVIC_EnableIRQ) for HAL_NVIC_EnableIRQ
    tim.o(i.MX_TIM1_Init) refers to stm32f1xx_hal_tim.o(i.HAL_TIM_Base_Init) for HAL_TIM_Base_Init
    tim.o(i.MX_TIM1_Init) refers to main.o(i.Error_Handler) for Error_Handler
    tim.o(i.MX_TIM1_Init) refers to stm32f1xx_hal_tim.o(i.HAL_TIM_ConfigClockSource) for HAL_TIM_ConfigClockSource
    tim.o(i.MX_TIM1_Init) refers to stm32f1xx_hal_tim_ex.o(i.HAL_TIMEx_MasterConfigSynchronization) for HAL_TIMEx_MasterConfigSynchronization
    tim.o(i.MX_TIM1_Init) refers to tim.o(.bss) for .bss
    usart.o(.rev16_text) refers (Special) to use_no_semi_2.o(.text) for __use_no_semihosting
    usart.o(.revsh_text) refers (Special) to use_no_semi_2.o(.text) for __use_no_semihosting
    usart.o(.rrx_text) refers (Special) to use_no_semi_2.o(.text) for __use_no_semihosting
    usart.o(i.HAL_UART_MspDeInit) refers (Special) to use_no_semi_2.o(.text) for __use_no_semihosting
    usart.o(i.HAL_UART_MspDeInit) refers to stm32f1xx_hal_gpio.o(i.HAL_GPIO_DeInit) for HAL_GPIO_DeInit
    usart.o(i.HAL_UART_MspDeInit) refers to stm32f1xx_hal_cortex.o(i.HAL_NVIC_DisableIRQ) for HAL_NVIC_DisableIRQ
    usart.o(i.HAL_UART_MspInit) refers (Special) to use_no_semi_2.o(.text) for __use_no_semihosting
    usart.o(i.HAL_UART_MspInit) refers to stm32f1xx_hal_gpio.o(i.HAL_GPIO_Init) for HAL_GPIO_Init
    usart.o(i.HAL_UART_MspInit) refers to stm32f1xx_hal_cortex.o(i.HAL_NVIC_SetPriority) for HAL_NVIC_SetPriority
    usart.o(i.HAL_UART_MspInit) refers to stm32f1xx_hal_cortex.o(i.HAL_NVIC_EnableIRQ) for HAL_NVIC_EnableIRQ
    usart.o(i.MX_USART1_UART_Init) refers (Special) to use_no_semi_2.o(.text) for __use_no_semihosting
[...]
    .ARM.Collect$$rtexit$$00000002           0x080001dc   Section        0  rtexit2.o(.ARM.Collect$$rtexit$$00000002)
    .ARM.Collect$$rtexit$$00000003           0x080001dc   Section        4  rtexit2.o(.ARM.Collect$$rtexit$$00000003)
    .ARM.Collect$$rtexit$$00000004           0x080001e0   Section        6  rtexit2.o(.ARM.Collect$$rtexit$$00000004)
    .text                                    0x080001e8   Section       64  startup_stm32f103xe.o(.text)
    .text                                    0x08000228   Section        2  use_no_semi_2.o(.text)
    .text                                    0x0800022a   Section       38  llushr.o(.text)
    .text                                    0x08000250   Section        0  noretval__2printf.o(.text)
    .text                                    0x08000268   Section        0  noretval__2snprintf.o(.text)
    .text                                    0x0800029c   Section        0  _printf_pad.o(.text)
    .text                                    0x080002ea   Section        0  _printf_str.o(.text)
    .text                                    0x0800033c   Section        0  _printf_dec.o(.text)
    .text                                    0x080003b4   Section        0  _printf_hex_int.o(.text)
    .text                                    0x0800040c   Section        0  __printf_flags_wp.o(.text)
    .text                                    0x08000544   Section        0  strlen.o(.text)
    .text                                    0x08000582   Section      138  rt_memcpy_v6.o(.text)
    .text                                    0x0800060c   Section      100  rt_memcpy_w.o(.text)
    .text                                    0x08000670   Section       68  rt_memclr.o(.text)
    .text                                    0x080006b4   Section       78  rt_memclr_w.o(.text)
    .text                                    0x08000702   Section       86  strncpy.o(.text)
    .text                                    0x08000758   Section        0  heapauxi.o(.text)
    .text                                    0x0800075e   Section        2  use_no_semi.o(.text)
    .text                                    0x08000760   Section        0  _printf_intcommon.o(.text)
    .text                                    0x08000814   Section        0  _printf_char_common.o(.text)
    _printf_input_char                       0x08000815   Thumb Code    10  _printf_char_common.o(.text)
    .text                                    0x08000844   Section        0  _sputc.o(.text)
    .text                                    0x0800084e   Section        0  _snputc.o(.text)
    .text                                    0x0800085e   Section        0  _printf_char.o(.text)
    .text                                    0x0800088c   Section        0  _printf_char_file.o(.text)
    .text                                    0x080008b0   Section        0  ferror.o(.text)
    .text                                    0x080008b8   Section       74  sys_stackheap_outer.o(.text)
    .text                                    0x08000902   Section        0  exit.o(.text)
    .text                                    0x08000914   Section        8  libspace.o(.text)
    i.BusFault_Handler                       0x0800091c   Section        0  stm32f1xx_it.o(i.BusFault_Handler)
    i.DebugMon_Handler                       0x0800091e   Section        0  stm32f1xx_it.o(i.DebugMon_Handler)
    i.Error_Handler                          0x08000920   Section        0  main.o(i.Error_Handler)
    i.FLASH_MassErase                        0x08000924   Section        0  stm32f1xx_hal_flash_ex.o(i.FLASH_MassErase)
    FLASH_MassErase                          0x08000925   Thumb Code    26  stm32f1xx_hal_flash_ex.o(i.FLASH_MassErase)
    i.FLASH_PageErase                        0x08000948   Section        0  stm32f1xx_hal_flash_ex.o(i.FLASH_PageErase)
    i.FLASH_Program_HalfWord                 0x0800096c   Section        0  stm32f1xx_hal_flash.o(i.FLASH_Program_HalfWord)
    FLASH_Program_HalfWord                   0x0800096d   Thumb Code    20  stm32f1xx_hal_flash.o(i.FLASH_Program_HalfWord)
    i.FLASH_SetErrorCode                     0x08000988   Section        0  stm32f1xx_hal_flash.o(i.FLASH_SetErrorCode)
    FLASH_SetErrorCode                       0x08000989   Thumb Code    84  stm32f1xx_hal_flash.o(i.FLASH_SetErrorCode)
    i.FLASH_WaitForLastOperation             0x080009e4   Section        0  stm32f1xx_hal_flash.o(i.FLASH_WaitForLastOperation)
    i.HAL_Delay                              0x08000a38   Section        0  stm32f1xx_hal.o(i.HAL_Delay)
    i.HAL_FLASHEx_Erase                      0x08000a5c   Section        0  stm32f1xx_hal_flash_ex.o(i.HAL_FLASHEx_Erase)
    i.HAL_FLASH_Lock                         0x08000b04   Section        0  stm32f1xx_hal_flash.o(i.HAL_FLASH_Lock)
    i.HAL_FLASH_Program                      0x08000b18   Section        0  stm32f1xx_hal_flash.o(i.HAL_FLASH_Program)
    i.HAL_FLASH_Unlock                       0x08000b98   Section        0  stm32f1xx_hal_flash.o(i.HAL_FLASH_Unlock)
    i.HAL_GPIO_DeInit                        0x08000bc0   Section        0  stm32f1xx_hal_gpio.o(i.HAL_GPIO_DeInit)
    i.HAL_GPIO_Init                          0x08000cfc   Section        0  stm32f1xx_hal_gpio.o(i.HAL_GPIO_Init)
    i.HAL_GetTick                            0x08000ef4   Section        0  stm32f1xx_hal.o(i.HAL_GetTick)
    i.HAL_IncTick                            0x08000f00   Section        0  stm32f1xx_hal.o(i.HAL_IncTick)
    i.HAL_Init                               0x08000f10   Section        0  stm32f1xx_hal.o(i.HAL_Init)
    i.HAL_InitTick                           0x08000f34   Section        0  stm32f1xx_hal.o(i.HAL_InitTick)
    i.HAL_MspInit                            0x08000f74   Section        0  stm32f1xx_hal_msp.o(i.HAL_MspInit)
    i.HAL_NVIC_DisableIRQ                    0x08000fb0   Section        0  stm32f1xx_hal_cortex.o(i.HAL_NVIC_DisableIRQ)
    i.HAL_NVIC_EnableIRQ                     0x08000fd2   Section        0  stm32f1xx_hal_cortex.o(i.HAL_NVIC_EnableIRQ)
    i.HAL_NVIC_SetPriority                   0x08000fec   Section        0  stm32f1xx_hal_cortex.o(i.HAL_NVIC_SetPriority)
    i.HAL_NVIC_SetPriorityGrouping           0x0800102c   Section        0  stm32f1xx_hal_cortex.o(i.HAL_NVIC_SetPriorityGrouping)
    i.HAL_RCC_ClockConfig                    0x08001050   Section        0  stm32f1xx_hal_rcc.o(i.HAL_RCC_ClockConfig)
    i.HAL_RCC_GetPCLK1Freq                   0x0800117c   Section        0  stm32f1xx_hal_rcc.o(i.HAL_RCC_GetPCLK1Freq)
    i.HAL_RCC_GetPCLK2Freq                   0x0800119c   Section        0  stm32f1xx_hal_rcc.o(i.HAL_RCC_GetPCLK2Freq)
    i.HAL_RCC_GetSysClockFreq                0x080011bc   Section        0  stm32f1xx_hal_rcc.o(i.HAL_RCC_GetSysClockFreq)
    i.HAL_RCC_OscConfig                      0x08001208   Section        0  stm32f1xx_hal_rcc.o(i.HAL_RCC_OscConfig)
    i.HAL_SYSTICK_Config                     0x08001528   Section        0  stm32f1xx_hal_cortex.o(i.HAL_SYSTICK_Config)
    i.HAL_TIMEx_MasterConfigSynchronization  0x08001550   Section        0  stm32f1xx_hal_tim_ex.o(i.HAL_TIMEx_MasterConfigSynchronization)
    i.HAL_TIM_Base_DeInit                    0x080015cc   Section        0  stm32f1xx_hal_tim.o(i.HAL_TIM_Base_DeInit)
    i.HAL_TIM_Base_Init                      0x08001628   Section        0  stm32f1xx_hal_tim.o(i.HAL_TIM_Base_Init)
    i.HAL_TIM_Base_MspDeInit                 0x08001684   Section        0  tim.o(i.HAL_TIM_Base_MspDeInit)
    i.HAL_TIM_Base_MspInit                   0x080016a8   Section        0  tim.o(i.HAL_TIM_Base_MspInit)
    i.HAL_TIM_Base_Stop                      0x080016e4   Section        0  stm32f1xx_hal_tim.o(i.HAL_TIM_Base_Stop)
    i.HAL_TIM_Base_Stop_IT                   0x0800170a   Section        0  stm32f1xx_hal_tim.o(i.HAL_TIM_Base_Stop_IT)
    i.HAL_TIM_ConfigClockSource              0x0800173a   Section        0  stm32f1xx_hal_tim.o(i.HAL_TIM_ConfigClockSource)
    i.HAL_UART_DeInit                        0x08001816   Section        0  stm32f1xx_hal_uart.o(i.HAL_UART_DeInit)
    i.HAL_UART_Init                          0x0800184c   Section        0  stm32f1xx_hal_uart.o(i.HAL_UART_Init)
    i.HAL_UART_MspDeInit                     0x080018b0   Section        0  usart.o(i.HAL_UART_MspDeInit)
    i.HAL_UART_MspInit                       0x08001904   Section        0  usart.o(i.HAL_UART_MspInit)
    i.HAL_UART_Transmit                      0x080019d0   Section        0  stm32f1xx_hal_uart.o(i.HAL_UART_Transmit)
    i.HardFault_Handler                      0x08001a70   Section        0  stm32f1xx_it.o(i.HardFault_Handler)
    i.IAP_Bootloader_DeInit                  0x08001a74   Section        0  iap_bootloader.o(i.IAP_Bootloader_DeInit)
    i.IAP_Bootloader_HandleCheckUpgrade      0x08001ab0   Section        0  iap_bootloader.o(i.IAP_Bootloader_HandleCheckUpgrade)
    IAP_Bootloader_HandleCheckUpgrade        0x08001ab1   Thumb Code    64  iap_bootloader.o(i.IAP_Bootloader_HandleCheckUpgrade)
    i.IAP_Bootloader_HandleJumpApp           0x08001b38   Section        0  iap_bootloader.o(i.IAP_Bootloader_HandleJumpApp)
    IAP_Bootloader_HandleJumpApp             0x08001b39   Thumb Code    46  iap_bootloader.o(i.IAP_Bootloader_HandleJumpApp)
    i.IAP_Bootloader_HandleUpgrade           0x08001bd8   Section        0  iap_bootloader.o(i.IAP_Bootloader_HandleUpgrade)
    IAP_Bootloader_HandleUpgrade             0x08001bd9   Thumb Code   164  iap_bootloader.o(i.IAP_Bootloader_HandleUpgrade)
    i.IAP_Bootloader_HandleUpgradeResult     0x08001cf8   Section        0  iap_bootloader.o(i.IAP_Bootloader_HandleUpgradeResult)
    IAP_Bootloader_HandleUpgradeResult       0x08001cf9   Thumb Code    52  iap_bootloader.o(i.IAP_Bootloader_HandleUpgradeResult)
    i.IAP_Bootloader_Init                    0x08001dc4   Section        0  iap_bootloader.o(i.IAP_Bootloader_Init)
    i.IAP_Bootloader_MainLoop                0x08001e7c   Section        0  iap_bootloader.o(i.IAP_Bootloader_MainLoop)
    i.IAP_Bootloader_PerformUpgrade          0x08002028   Section        0  iap_bootloader.o(i.IAP_Bootloader_PerformUpgrade)
    IAP_Bootloader_PerformUpgrade            0x08002029   Thumb Code   132  iap_bootloader.o(i.IAP_Bootloader_PerformUpgrade)
    i.IAP_Bootloader_PrintBanner             0x0800221c   Section        0  iap_bootloader.o(i.IAP_Bootloader_PrintBanner)
    IAP_Bootloader_PrintBanner               0x0800221d   Thumb Code    38  iap_bootloader.o(i.IAP_Bootloader_PrintBanner)
    i.IAP_Bootloader_PrintSystemInfo         0x080022e4   Section        0  iap_bootloader.o(i.IAP_Bootloader_PrintSystemInfo)
    IAP_Bootloader_PrintSystemInfo           0x080022e5   Thumb Code    74  iap_bootloader.o(i.IAP_Bootloader_PrintSystemInfo)
    i.IAP_Core_CheckApplication              0x08002420   Section        0  iap_core.o(i.IAP_Core_CheckApplication)
    i.IAP_Core_CheckUpgradeFlag              0x080024f0   Section        0  iap_core.o(i.IAP_Core_CheckUpgradeFlag)
    i.IAP_Core_ClearUpgradeFlag              0x0800257c   Section        0  iap_core.o(i.IAP_Core_ClearUpgradeFlag)
    i.IAP_Core_Delay_ms                      0x0800261c   Section        0  iap_core.o(i.IAP_Core_Delay_ms)
    i.IAP_Core_GetTick                       0x08002626   Section        0  iap_core.o(i.IAP_Core_GetTick)
    i.IAP_Core_JumpToApplication             0x0800262c   Section        0  iap_core.o(i.IAP_Core_JumpToApplication)
    i.IAP_Core_ReadFirmwareHeader            0x0800283c   Section        0  iap_core.o(i.IAP_Core_ReadFirmwareHeader)
    i.IAP_Flash_DeInit                       0x08002904   Section        0  iap_flash.o(i.IAP_Flash_DeInit)
    i.IAP_Flash_ErasePage                    0x08002908   Section        0  iap_flash.o(i.IAP_Flash_ErasePage)
    i.IAP_Flash_ErasePages                   0x08002950   Section        0  iap_flash.o(i.IAP_Flash_ErasePages)
    i.IAP_Flash_Init                         0x080029bc   Section        0  iap_flash.o(i.IAP_Flash_Init)
    i.IAP_Flash_IsValidAddr                  0x080029cc   Section        0  iap_flash.o(i.IAP_Flash_IsValidAddr)
    i.IAP_Flash_Unlock                       0x080029e4   Section        0  iap_flash.o(i.IAP_Flash_Unlock)
    i.IAP_Flash_WriteData                    0x080029f2   Section        0  iap_flash.o(i.IAP_Flash_WriteData)
    i.IAP_TIMER_DeInit                       0x08002a54   Section        0  iap_timer.o(i.IAP_TIMER_DeInit)
    i.IAP_TIMER_Init                         0x08002a78   Section        0  iap_timer.o(i.IAP_TIMER_Init)
    i.IAP_UART_ClearBuffer                   0x08002a7c   Section        0  iap_uart.o(i.IAP_UART_ClearBuffer)
    i.IAP_UART_DataAvailable                 0x08002adc   Section        0  iap_uart.o(i.IAP_UART_DataAvailable)
    i.IAP_UART_DeInit                        0x08002af8   Section        0  iap_uart.o(i.IAP_UART_DeInit)
    i.IAP_UART_Init                          0x08002b24   Section        0  iap_uart.o(i.IAP_UART_Init)
    i.IAP_UART_ReceiveByte                   0x08002b3c   Section        0  iap_uart.o(i.IAP_UART_ReceiveByte)
    i.IAP_UART_ReceiveByteWithStatus         0x08002b8c   Section        0  iap_uart.o(i.IAP_UART_ReceiveByteWithStatus)
    i.IAP_UART_RxCompletedCallback           0x08002b90   Section        0  iap_uart.o(i.IAP_UART_RxCompletedCallback)
    i.IAP_UART_SendByte                      0x08002ba0   Section        0  iap_uart.o(i.IAP_UART_SendByte)
    i.IsPageErased                           0x08002bb8   Section        0  iap_flash.o(i.IsPageErased)
    IsPageErased                             0x08002bb9   Thumb Code    26  iap_flash.o(i.IsPageErased)
    i.MD5_Final                              0x08002bd4   Section        0  iap_md5.o(i.MD5_Final)
    i.MD5_Init                               0x08002c84   Section        0  iap_md5.o(i.MD5_Init)
    i.MD5_Transform                          0x08002ca8   Section        0  iap_md5.o(i.MD5_Transform)
    MD5_Transform                            0x08002ca9   Thumb Code  1990  iap_md5.o(i.MD5_Transform)
    i.MD5_Update                             0x080034e4   Section        0  iap_md5.o(i.MD5_Update)
    i.MX_GPIO_Init                           0x08003554   Section        0  gpio.o(i.MX_GPIO_Init)
    i.MX_TIM1_Init                           0x08003580   Section        0  tim.o(i.MX_TIM1_Init)
    i.MX_USART1_UART_Init                    0x080035e8   Section        0  usart.o(i.MX_USART1_UART_Init)
    i.MX_USART2_UART_Init                    0x08003620   Section        0  usart.o(i.MX_USART2_UART_Init)
    i.MemManage_Handler                      0x08003658   Section        0  stm32f1xx_it.o(i.MemManage_Handler)
    i.NMI_Handler                            0x0800365a   Section        0  stm32f1xx_it.o(i.NMI_Handler)
    i.PendSV_Handler                         0x0800365c   Section        0  stm32f1xx_it.o(i.PendSV_Handler)
    i.SVC_Handler                            0x0800365e   Section        0  stm32f1xx_it.o(i.SVC_Handler)
    i.SysTick_Handler                        0x08003660   Section        0  stm32f1xx_it.o(i.SysTick_Handler)
    i.SystemClock_Config                     0x08003664   Section        0  main.o(i.SystemClock_Config)
    i.SystemInit                             0x080036c2   Section        0  system_stm32f1xx.o(i.SystemInit)
    i.TIM1_UP_IRQHandler                     0x080036c4   Section        0  iap_timer.o(i.TIM1_UP_IRQHandler)
    i.TIM_Base_SetConfig                     0x080036ec   Section        0  stm32f1xx_hal_tim.o(i.TIM_Base_SetConfig)
    i.TIM_ETR_SetConfig                      0x08003788   Section        0  stm32f1xx_hal_tim.o(i.TIM_ETR_SetConfig)
    i.TIM_ITRx_SetConfig                     0x0800379c   Section        0  stm32f1xx_hal_tim.o(i.TIM_ITRx_SetConfig)
    TIM_ITRx_SetConfig                       0x0800379d   Thumb Code    16  stm32f1xx_hal_tim.o(i.TIM_ITRx_SetConfig)
    i.TIM_TI1_ConfigInputStage               0x080037ac   Section        0  stm32f1xx_hal_tim.o(i.TIM_TI1_ConfigInputStage)
    TIM_TI1_ConfigInputStage                 0x080037ad   Thumb Code    34  stm32f1xx_hal_tim.o(i.TIM_TI1_ConfigInputStage)
    i.TIM_TI2_ConfigInputStage               0x080037ce   Section        0  stm32f1xx_hal_tim.o(i.TIM_TI2_ConfigInputStage)
    TIM_TI2_ConfigInputStage                 0x080037cf   Thumb Code    36  stm32f1xx_hal_tim.o(i.TIM_TI2_ConfigInputStage)
    i.UART_EndRxTransfer                     0x080037f2   Section        0  stm32f1xx_hal_uart.o(i.UART_EndRxTransfer)
    UART_EndRxTransfer                       0x080037f3   Thumb Code    78  stm32f1xx_hal_uart.o(i.UART_EndRxTransfer)
    i.UART_SetConfig                         0x08003840   Section        0  stm32f1xx_hal_uart.o(i.UART_SetConfig)
    UART_SetConfig                           0x08003841   Thumb Code   178  stm32f1xx_hal_uart.o(i.UART_SetConfig)
    i.UART_WaitOnFlagUntilTimeout            0x080038f8   Section        0  stm32f1xx_hal_uart.o(i.UART_WaitOnFlagUntilTimeout)
    UART_WaitOnFlagUntilTimeout              0x080038f9   Thumb Code   114  stm32f1xx_hal_uart.o(i.UART_WaitOnFlagUntilTimeout)
    i.USART1_IRQHandler                      0x0800396c   Section        0  iap_uart.o(i.USART1_IRQHandler)
    i.UsageFault_Handler                     0x080039d8   Section        0  stm32f1xx_it.o(i.UsageFault_Handler)
    i.Ymodem_EraseFirmware                   0x080039da   Section        0  ymodem.o(i.Ymodem_EraseFirmware)
    i.Ymodem_HandleError                     0x080039fc   Section        0  ymodem.o(i.Ymodem_HandleError)
    Ymodem_HandleError                       0x080039fd   Thumb Code   132  ymodem.o(i.Ymodem_HandleError)
    i.Ymodem_HandleTimeout                   0x08003b2c   Section        0  ymodem.o(i.Ymodem_HandleTimeout)
    Ymodem_HandleTimeout                     0x08003b2d   Thumb Code   134  ymodem.o(i.Ymodem_HandleTimeout)
    i.Ymodem_Init                            0x08003c34   Section        0  ymodem.o(i.Ymodem_Init)
    i.Ymodem_ParseFileInfo                   0x08003c38   Section        0  ymodem.o(i.Ymodem_ParseFileInfo)
    Ymodem_ParseFileInfo                     0x08003c39   Thumb Code   246  ymodem.o(i.Ymodem_ParseFileInfo)
    i.Ymodem_ParseFirmwareHeader             0x08003ecc   Section        0  ymodem.o(i.Ymodem_ParseFirmwareHeader)
    i.Ymodem_ProcessDataPacket               0x08003f4c   Section        0  ymodem.o(i.Ymodem_ProcessDataPacket)
    Ymodem_ProcessDataPacket                 0x08003f4d   Thumb Code   156  ymodem.o(i.Ymodem_ProcessDataPacket)
    i.Ymodem_ProcessFirmwareData             0x08003ff4   Section        0  ymodem.o(i.Ymodem_ProcessFirmwareData)
    Ymodem_ProcessFirmwareData               0x08003ff5   Thumb Code   282  ymodem.o(i.Ymodem_ProcessFirmwareData)
    i.Ymodem_ProcessHeaderPacket             0x080041fc   Section        0  ymodem.o(i.Ymodem_ProcessHeaderPacket)
    Ymodem_ProcessHeaderPacket               0x080041fd   Thumb Code   222  ymodem.o(i.Ymodem_ProcessHeaderPacket)
    i.Ymodem_ReceiveChar                     0x08004438   Section        0  ymodem.o(i.Ymodem_ReceiveChar)
    Ymodem_ReceiveChar                       0x08004439   Thumb Code    50  ymodem.o(i.Ymodem_ReceiveChar)
    i.Ymodem_ReceiveFile                     0x0800446c   Section        0  ymodem.o(i.Ymodem_ReceiveFile)
    i.Ymodem_ReceivePacket                   0x080047b4   Section        0  ymodem.o(i.Ymodem_ReceivePacket)
    Ymodem_ReceivePacket                     0x080047b5   Thumb Code   472  ymodem.o(i.Ymodem_ReceivePacket)
    i.Ymodem_ResetContext                    0x08004ba0   Section        0  ymodem.o(i.Ymodem_ResetContext)
    Ymodem_ResetContext                      0x08004ba1   Thumb Code    18  ymodem.o(i.Ymodem_ResetContext)
    i.Ymodem_SaveFirmwareHeader              0x08004bb8   Section        0  ymodem.o(i.Ymodem_SaveFirmwareHeader)
    i.Ymodem_SendCancel                      0x08004be8   Section        0  ymodem.o(i.Ymodem_SendCancel)
    i.Ymodem_VerifyAndSaveFirmware           0x08004c3c   Section        0  ymodem.o(i.Ymodem_VerifyAndSaveFirmware)
    Ymodem_VerifyAndSaveFirmware             0x08004c3d   Thumb Code   200  ymodem.o(i.Ymodem_VerifyAndSaveFirmware)
    i.Ymodem_VerifyFirmware                  0x08004e7c   Section        0  ymodem.o(i.Ymodem_VerifyFirmware)
    i.__NVIC_SetPriority                     0x08004eee   Section        0  stm32f1xx_hal_cortex.o(i.__NVIC_SetPriority)
    __NVIC_SetPriority                       0x08004eef   Thumb Code    32  stm32f1xx_hal_cortex.o(i.__NVIC_SetPriority)
    i._is_digit                              0x08004f0e   Section        0  __printf_wp.o(i._is_digit)
    i._sys_exit                              0x08004f1c   Section        0  usart.o(i._sys_exit)
    i.fputc                                  0x08004f20   Section        0  usart.o(i.fputc)
    i.iap_core_display_firmware_information  0x08004f44   Section        0  iap_core.o(i.iap_core_display_firmware_information)
    iap_core_display_firmware_information    0x08004f45   Thumb Code   106  iap_core.o(i.iap_core_display_firmware_information)
    i.iap_core_prepare_jump_environment      0x0800504c   Section        0  iap_core.o(i.iap_core_prepare_jump_environment)
    iap_core_prepare_jump_environment        0x0800504d   Thumb Code    42  iap_core.o(i.iap_core_prepare_jump_environment)
    i.iap_core_validate_application_vectors  0x080050ec   Section        0  iap_core.o(i.iap_core_validate_application_vectors)
    iap_core_validate_application_vectors    0x080050ed   Thumb Code   124  iap_core.o(i.iap_core_validate_application_vectors)
    i.main                                   0x080051ec   Section        0  main.o(i.main)
    .constdata                               0x08005206   Section       18  stm32f1xx_hal_rcc.o(.constdata)
    aPredivFactorTable                       0x08005206   Data           2  stm32f1xx_hal_rcc.o(.constdata)
    aPLLMULFactorTable                       0x08005208   Data          16  stm32f1xx_hal_rcc.o(.constdata)
    .constdata                               0x08005218   Section       16  system_stm32f1xx.o(.constdata)
    .constdata                               0x08005228   Section        8  system_stm32f1xx.o(.constdata)
    .constdata                               0x08005230   Section      512  ymodem.o(.constdata)
    crc16_table                              0x08005230   Data         512  ymodem.o(.constdata)
    .constdata                               0x08005430   Section       40  _printf_hex_int.o(.constdata)
    uc_hextab                                0x08005430   Data          20  _printf_hex_int.o(.constdata)
    lc_hextab                                0x08005444   Data          20  _printf_hex_int.o(.constdata)
    .constdata                               0x08005458   Section       17  __printf_flags_wp.o(.constdata)
    maptable                                 0x08005458   Data          17  __printf_flags_wp.o(.constdata)
    .conststring                             0x0800546c   Section      691  iap_bootloader.o(.conststring)
    .conststring                             0x08005720   Section      745  iap_core.o(.conststring)
    .conststring                             0x08005a0c   Section     1711  ymodem.o(.conststring)
    .data                                    0x20000008   Section        1  usart.o(.data)
    .data                                    0x2000000c   Section        4  usart.o(.data)
    .data                                    0x20000010   Section       12  stm32f1xx_hal.o(.data)
    .data                                    0x2000001c   Section        4  system_stm32f1xx.o(.data)
    .data                                    0x20000020   Section        4  iap_bootloader.o(.data)
    TAG                                      0x20000020   Data           4  iap_bootloader.o(.data)
    .data                                    0x20000024   Section        4  iap_core.o(.data)
    TAG                                      0x20000024   Data           4  iap_core.o(.data)
    .data                                    0x20000028   Section        4  ymodem.o(.data)
    TAG                                      0x20000028   Data           4  ymodem.o(.data)
    .bss                                     0x2000002c   Section       72  tim.o(.bss)
    .bss                                     0x20000074   Section      144  usart.o(.bss)
    .bss                                     0x20000108   Section       32  stm32f1xx_hal_flash.o(.bss)
    .bss                                     0x20000128   Section     1048  iap_uart.o(.bss)
    .bss                                     0x20000540   Section       64  iap_core.o(.bss)
    g_jump_firmware_header                   0x20000540   Data          64  iap_core.o(.bss)
    .bss                                     0x20000580   Section       96  libspace.o(.bss)
    HEAP                                     0x200005e0   Section      512  startup_stm32f103xe.o(HEAP)
    Heap_Mem                                 0x200005e0   Data         512  startup_stm32f103xe.o(HEAP)
    STACK                                    0x200007e0   Section     1024  startup_stm32f103xe.o(STACK)
    Stack_Mem                                0x200007e0   Data        1024  startup_stm32f103xe.o(STACK)
    __initial_sp                             0x20000be0   Data           0  startup_stm32f103xe.o(STACK)

    Global Symbols

    Symbol Name                              Value     Ov Type        Size  Object(Section)

    BuildAttributes$$THM_ISAv4$P$D$K$B$S$PE$A:L22UL41UL21$X:L11$S22US41US21$IEEE1$IW$USESV6$~STKCKD$USESV7$~SHL$OSPACE$ROPI$EBA8$UX$STANDARDLIB$REQ8$PRES8$EABIv2 0x00000000   Number         0  anon$$obj.o ABSOLUTE
    __ARM_use_no_argv                        0x00000000   Number         0  main.o ABSOLUTE
    _printf_flags                            0x00000000   Number         0  printf_stubs.o ABSOLUTE
    _printf_return_value                     0x00000000   Number         0  printf_stubs.o ABSOLUTE
    _printf_sizespec                         0x00000000   Number         0  printf_stubs.o ABSOLUTE
    _printf_widthprec                        0x00000000   Number         0  printf_stubs.o ABSOLUTE
    __ARM_exceptions_init                     - Undefined Weak Reference
    __alloca_initialize                       - Undefined Weak Reference
    __arm_fini_                               - Undefined Weak Reference
    __arm_preinit_                            - Undefined Weak Reference
    __cpp_initialize__aeabi_                  - Undefined Weak Reference
    __cxa_finalize                            - Undefined Weak Reference
    __rt_locale                               - Undefined Weak Reference
    __sigvec_lookup                           - Undefined Weak Reference
    _atexit_init                              - Undefined Weak Reference
    _call_atexit_fns                          - Undefined Weak Reference
    _clock_init                               - Undefined Weak Reference
    _fp_trap_init                             - Undefined Weak Reference
    _fp_trap_shutdown                         - Undefined Weak Reference
    _get_lc_collate                           - Undefined Weak Reference
    _get_lc_ctype                             - Undefined Weak Reference
    _get_lc_monetary                          - Undefined Weak Reference
    _get_lc_numeric                           - Undefined Weak Reference
    _get_lc_time                              - Undefined Weak Reference
    _getenv_init                              - Undefined Weak Reference
    _handle_redirection                       - Undefined Weak Reference
    _init_alloc                               - Undefined Weak Reference
    _init_user_alloc                          - Undefined Weak Reference
    _initio                                   - Undefined Weak Reference
    _mutex_acquire                            - Undefined Weak Reference
    _mutex_release                            - Undefined Weak Reference
    _printf_mbtowc                            - Undefined Weak Reference
    _printf_truncate_signed                   - Undefined Weak Reference
    _printf_truncate_unsigned                 - Undefined Weak Reference
    _rand_init                                - Undefined Weak Reference
    _signal_finish                            - Undefined Weak Reference
    _signal_init                              - Undefined Weak Reference
    _terminate_alloc                          - Undefined Weak Reference
    _terminate_user_alloc                     - Undefined Weak Reference
    _terminateio                              - Undefined Weak Reference
    __Vectors_Size                           0x00000130   Number         0  startup_stm32f103xe.o ABSOLUTE
    __Vectors                                0x08000000   Data           4  startup_stm32f103xe.o(RESET)
    __Vectors_End                            0x08000130   Data           0  startup_stm32f103xe.o(RESET)
    __main                                   0x08000131   Thumb Code     8  __main.o(!!!main)
    __scatterload                            0x08000139   Thumb Code     0  __scatter.o(!!!scatter)
    __scatterload_rt2                        0x08000139   Thumb Code    44  __scatter.o(!!!scatter)
    __scatterload_rt2_thumb_only             0x08000139   Thumb Code     0  __scatter.o(!!!scatter)
    __scatterload_null                       0x08000147   Thumb Code     0  __scatter.o(!!!scatter)
    __scatterload_copy                       0x0800016d   Thumb Code    26  __scatter_copy.o(!!handler_copy)
    __scatterload_zeroinit                   0x08000189   Thumb Code    28  __scatter_zi.o(!!handler_zi)
    _printf_d                                0x080001a5   Thumb Code     0  _printf_d.o(.ARM.Collect$$_printf_percent$$00000009)
    _printf_percent                          0x080001a5   Thumb Code     0  _printf_percent.o(.ARM.Collect$$_printf_percent$$00000000)
    _printf_u                                0x080001ab   Thumb Code     0  _printf_u.o(.ARM.Collect$$_printf_percent$$0000000A)
    _printf_x                                0x080001b1   Thumb Code     0  _printf_x.o(.ARM.Collect$$_printf_percent$$0000000C)
    _printf_s                                0x080001b7   Thumb Code     0  _printf_s.o(.ARM.Collect$$_printf_percent$$00000014)
    _printf_percent_end                      0x080001bd   Thumb Code     0  _printf_percent_end.o(.ARM.Collect$$_printf_percent$$00000017)
    __rt_lib_init                            0x080001c1   Thumb Code     0  libinit.o(.ARM.Collect$$libinit$$00000000)
    __rt_lib_init_alloca_1                   0x080001c3   Thumb Code     0  libinit2.o(.ARM.Collect$$libinit$$0000002E)
    __rt_lib_init_argv_1                     0x080001c3   Thumb Code     0  libinit2.o(.ARM.Collect$$libinit$$0000002C)
    __rt_lib_init_atexit_1                   0x080001c3   Thumb Code     0  libinit2.o(.ARM.Collect$$libinit$$0000001B)
    __rt_lib_init_clock_1                    0x080001c3   Thumb Code     0  libinit2.o(.ARM.Collect$$libinit$$00000021)
    __rt_lib_init_cpp_1                      0x080001c3   Thumb Code     0  libinit2.o(.ARM.Collect$$libinit$$00000032)
    __rt_lib_init_exceptions_1               0x080001c3   Thumb Code     0  libinit2.o(.ARM.Collect$$libinit$$00000030)
    __rt_lib_init_fp_1                       0x080001c3   Thumb Code     0  libinit2.o(.ARM.Collect$$libinit$$00000002)
    __rt_lib_init_fp_trap_1                  0x080001c3   Thumb Code     0  libinit2.o(.ARM.Collect$$libinit$$0000001F)
    __rt_lib_init_getenv_1                   0x080001c3   Thumb Code     0  libinit2.o(.ARM.Collect$$libinit$$00000023)
    __rt_lib_init_heap_1                     0x080001c3   Thumb Code     0  libinit2.o(.ARM.Collect$$libinit$$0000000A)
    __rt_lib_init_lc_collate_1               0x080001c3   Thumb Code     0  libinit2.o(.ARM.Collect$$libinit$$00000011)
    __rt_lib_init_lc_ctype_1                 0x080001c3   Thumb Code     0  libinit2.o(.ARM.Collect$$libinit$$00000013)
    __rt_lib_init_lc_monetary_1              0x080001c3   Thumb Code     0  libinit2.o(.ARM.Collect$$libinit$$00000015)
    __rt_lib_init_lc_numeric_1               0x080001c3   Thumb Code     0  libinit2.o(.ARM.Collect$$libinit$$00000017)
    __rt_lib_init_lc_time_1                  0x080001c3   Thumb Code     0  libinit2.o(.ARM.Collect$$libinit$$00000019)
    __rt_lib_init_preinit_1                  0x080001c3   Thumb Code     0  libinit2.o(.ARM.Collect$$libinit$$00000004)
    __rt_lib_init_rand_1                     0x080001c3   Thumb Code     0  libinit2.o(.ARM.Collect$$libinit$$0000000E)
    __rt_lib_init_return                     0x080001c3   Thumb Code     0  libinit2.o(.ARM.Collect$$libinit$$00000033)
    __rt_lib_init_signal_1                   0x080001c3   Thumb Code     0  libinit2.o(.ARM.Collect$$libinit$$0000001D)
    __rt_lib_init_stdio_1                    0x080001c3   Thumb Code     0  libinit2.o(.ARM.Collect$$libinit$$00000025)
    __rt_lib_init_user_alloc_1               0x080001c3   Thumb Code     0  libinit2.o(.ARM.Collect$$libinit$$0000000C)
    __rt_lib_shutdown                        0x080001c5   Thumb Code     0  libshutdown.o(.ARM.Collect$$libshutdown$$00000000)
    __rt_lib_shutdown_cpp_1                  0x080001c7   Thumb Code     0  libshutdown2.o(.ARM.Collect$$libshutdown$$00000004)
    __rt_lib_shutdown_fini_1                 0x080001c7   Thumb Code     0  libshutdown2.o(.ARM.Collect$$libshutdown$$00000002)
    __rt_lib_shutdown_fp_trap_1              0x080001c7   Thumb Code     0  libshutdown2.o(.ARM.Collect$$libshutdown$$00000009)
    __rt_lib_shutdown_heap_1                 0x080001c7   Thumb Code     0  libshutdown2.o(.ARM.Collect$$libshutdown$$00000011)
    __rt_lib_shutdown_return                 0x080001c7   Thumb Code     0  libshutdown2.o(.ARM.Collect$$libshutdown$$00000012)
    __rt_lib_shutdown_signal_1               0x080001c7   Thumb Code     0  libshutdown2.o(.ARM.Collect$$libshutdown$$0000000C)
    __rt_lib_shutdown_stdio_1                0x080001c7   Thumb Code     0  libshutdown2.o(.ARM.Collect$$libshutdown$$00000006)
    __rt_lib_shutdown_user_alloc_1           0x080001c7   Thumb Code     0  libshutdown2.o(.ARM.Collect$$libshutdown$$0000000E)
    __rt_entry                               0x080001c9   Thumb Code     0  __rtentry.o(.ARM.Collect$$rtentry$$00000000)
    __rt_entry_presh_1                       0x080001c9   Thumb Code     0  __rtentry2.o(.ARM.Collect$$rtentry$$00000002)
    __rt_entry_sh                            0x080001c9   Thumb Code     0  __rtentry4.o(.ARM.Collect$$rtentry$$00000004)
    __rt_entry_li                            0x080001cf   Thumb Code     0  __rtentry2.o(.ARM.Collect$$rtentry$$0000000A)
    __rt_entry_postsh_1                      0x080001cf   Thumb Code     0  __rtentry2.o(.ARM.Collect$$rtentry$$00000009)
    __rt_entry_main                          0x080001d3   Thumb Code     0  __rtentry2.o(.ARM.Collect$$rtentry$$0000000D)
    __rt_entry_postli_1                      0x080001d3   Thumb Code     0  __rtentry2.o(.ARM.Collect$$rtentry$$0000000C)
    __rt_exit                                0x080001db   Thumb Code     0  rtexit.o(.ARM.Collect$$rtexit$$00000000)
    __rt_exit_ls                             0x080001dd   Thumb Code     0  rtexit2.o(.ARM.Collect$$rtexit$$00000003)
    __rt_exit_prels_1                        0x080001dd   Thumb Code     0  rtexit2.o(.ARM.Collect$$rtexit$$00000002)
    __rt_exit_exit                           0x080001e1   Thumb Code     0  rtexit2.o(.ARM.Collect$$rtexit$$00000004)
    Reset_Handler                            0x080001e9   Thumb Code     8  startup_stm32f103xe.o(.text)
    ADC1_2_IRQHandler                        0x08000203   Thumb Code     0  startup_stm32f103xe.o(.text)
    ADC3_IRQHandler                          0x08000203   Thumb Code     0  startup_stm32f103xe.o(.text)
    CAN1_RX1_IRQHandler                      0x08000203   Thumb Code     0  startup_stm32f103xe.o(.text)
    CAN1_SCE_IRQHandler                      0x08000203   Thumb Code     0  startup_stm32f103xe.o(.text)
    DMA1_Channel1_IRQHandler                 0x08000203   Thumb Code     0  startup_stm32f103xe.o(.text)
    DMA1_Channel2_IRQHandler                 0x08000203   Thumb Code     0  startup_stm32f103xe.o(.text)
    DMA1_Channel3_IRQHandler                 0x08000203   Thumb Code     0  startup_stm32f103xe.o(.text)
    DMA1_Channel4_IRQHandler                 0x08000203   Thumb Code     0  startup_stm32f103xe.o(.text)
    DMA1_Channel5_IRQHandler                 0x08000203   Thumb Code     0  startup_stm32f103xe.o(.text)
    DMA1_Channel6_IRQHandler                 0x08000203   Thumb Code     0  startup_stm32f103xe.o(.text)
    DMA1_Channel7_IRQHandler                 0x08000203   Thumb Code     0  startup_stm32f103xe.o(.text)
    DMA2_Channel1_IRQHandler                 0x08000203   Thumb Code     0  startup_stm32f103xe.o(.text)
    DMA2_Channel2_IRQHandler                 0x08000203   Thumb Code     0  startup_stm32f103xe.o(.text)
    DMA2_Channel3_IRQHandler                 0x08000203   Thumb Code     0  startup_stm32f103xe.o(.text)
    DMA2_Channel4_5_IRQHandler               0x08000203   Thumb Code     0  startup_stm32f103xe.o(.text)
    EXTI0_IRQHandler                         0x08000203   Thumb Code     0  startup_stm32f103xe.o(.text)
    EXTI15_10_IRQHandler                     0x08000203   Thumb Code     0  startup_stm32f103xe.o(.text)
    EXTI1_IRQHandler                         0x08000203   Thumb Code     0  startup_stm32f103xe.o(.text)
    EXTI2_IRQHandler                         0x08000203   Thumb Code     0  startup_stm32f103xe.o(.text)
    EXTI3_IRQHandler                         0x08000203   Thumb Code     0  startup_stm32f103xe.o(.text)
    EXTI4_IRQHandler                         0x08000203   Thumb Code     0  startup_stm32f103xe.o(.text)
    EXTI9_5_IRQHandler                       0x08000203   Thumb Code     0  startup_stm32f103xe.o(.text)
    FLASH_IRQHandler                         0x08000203   Thumb Code     0  startup_stm32f103xe.o(.text)
    FSMC_IRQHandler                          0x08000203   Thumb Code     0  startup_stm32f103xe.o(.text)
    I2C1_ER_IRQHandler                       0x08000203   Thumb Code     0  startup_stm32f103xe.o(.text)
    I2C1_EV_IRQHandler                       0x08000203   Thumb Code     0  startup_stm32f103xe.o(.text)
    I2C2_ER_IRQHandler                       0x08000203   Thumb Code     0  startup_stm32f103xe.o(.text)
    I2C2_EV_IRQHandler                       0x08000203   Thumb Code     0  startup_stm32f103xe.o(.text)
    PVD_IRQHandler                           0x08000203   Thumb Code     0  startup_stm32f103xe.o(.text)
    RCC_IRQHandler                           0x08000203   Thumb Code     0  startup_stm32f103xe.o(.text)
    RTC_Alarm_IRQHandler                     0x08000203   Thumb Code     0  startup_stm32f103xe.o(.text)
    RTC_IRQHandler                           0x08000203   Thumb Code     0  startup_stm32f103xe.o(.text)
    SDIO_IRQHandler                          0x08000203   Thumb Code     0  startup_stm32f103xe.o(.text)
    SPI1_IRQHandler                          0x08000203   Thumb Code     0  startup_stm32f103xe.o(.text)
    SPI2_IRQHandler                          0x08000203   Thumb Code     0  startup_stm32f103xe.o(.text)
    SPI3_IRQHandler                          0x08000203   Thumb Code     0  startup_stm32f103xe.o(.text)
    TAMPER_IRQHandler                        0x08000203   Thumb Code     0  startup_stm32f103xe.o(.text)
    TIM1_BRK_IRQHandler                      0x08000203   Thumb Code     0  startup_stm32f103xe.o(.text)
    TIM1_CC_IRQHandler                       0x08000203   Thumb Code     0  startup_stm32f103xe.o(.text)
    TIM1_TRG_COM_IRQHandler                  0x08000203   Thumb Code     0  startup_stm32f103xe.o(.text)
    TIM2_IRQHandler                          0x08000203   Thumb Code     0  startup_stm32f103xe.o(.text)
    TIM3_IRQHandler                          0x08000203   Thumb Code     0  startup_stm32f103xe.o(.text)
    TIM4_IRQHandler                          0x08000203   Thumb Code     0  startup_stm32f103xe.o(.text)
    TIM5_IRQHandler                          0x08000203   Thumb Code     0  startup_stm32f103xe.o(.text)
    TIM6_IRQHandler                          0x08000203   Thumb Code     0  startup_stm32f103xe.o(.text)
    TIM7_IRQHandler                          0x08000203   Thumb Code     0  startup_stm32f103xe.o(.text)
    TIM8_BRK_IRQHandler                      0x08000203   Thumb Code     0  startup_stm32f103xe.o(.text)
    TIM8_CC_IRQHandler                       0x08000203   Thumb Code     0  startup_stm32f103xe.o(.text)
    TIM8_TRG_COM_IRQHandler                  0x08000203   Thumb Code     0  startup_stm32f103xe.o(.text)
    TIM8_UP_IRQHandler                       0x08000203   Thumb Code     0  startup_stm32f103xe.o(.text)
    UART4_IRQHandler                         0x08000203   Thumb Code     0  startup_stm32f103xe.o(.text)
    UART5_IRQHandler                         0x08000203   Thumb Code     0  startup_stm32f103xe.o(.text)
    USART2_IRQHandler                        0x08000203   Thumb Code     0  startup_stm32f103xe.o(.text)
    USART3_IRQHandler                        0x08000203   Thumb Code     0  startup_stm32f103xe.o(.text)
    USBWakeUp_IRQHandler                     0x08000203   Thumb Code     0  startup_stm32f103xe.o(.text)
    USB_HP_CAN1_TX_IRQHandler                0x08000203   Thumb Code     0  startup_stm32f103xe.o(.text)
    USB_LP_CAN1_RX0_IRQHandler               0x08000203   Thumb Code     0  startup_stm32f103xe.o(.text)
    WWDG_IRQHandler                          0x08000203   Thumb Code     0  startup_stm32f103xe.o(.text)
    __user_initial_stackheap                 0x08000205   Thumb Code     0  startup_stm32f103xe.o(.text)
    __use_no_semihosting                     0x08000229   Thumb Code     2  use_no_semi_2.o(.text)
    __aeabi_llsr                             0x0800022b   Thumb Code     0  llushr.o(.text)
    _ll_ushift_r                             0x0800022b   Thumb Code    38  llushr.o(.text)
    __2printf                                0x08000251   Thumb Code    20  noretval__2printf.o(.text)
    __2snprintf                              0x08000269   Thumb Code    48  noretval__2snprintf.o(.text)
    _printf_pre_padding                      0x0800029d   Thumb Code    44  _printf_pad.o(.text)
    _printf_post_padding                     0x080002c9   Thumb Code    34  _printf_pad.o(.text)
    _printf_str                              0x080002eb   Thumb Code    82  _printf_str.o(.text)
    _printf_int_dec                          0x0800033d   Thumb Code   104  _printf_dec.o(.text)
    _printf_int_hex                          0x080003b5   Thumb Code    84  _printf_hex_int.o(.text)
    _printf_longlong_hex                     0x080003b5   Thumb Code     0  _printf_hex_int.o(.text)
    __printf                                 0x0800040d   Thumb Code   308  __printf_flags_wp.o(.text)
    strlen                                   0x08000545   Thumb Code    62  strlen.o(.text)
    __aeabi_memcpy                           0x08000583   Thumb Code     0  rt_memcpy_v6.o(.text)
    __rt_memcpy                              0x08000583   Thumb Code   138  rt_memcpy_v6.o(.text)
    _memcpy_lastbytes                        0x080005e9   Thumb Code     0  rt_memcpy_v6.o(.text)
    __aeabi_memcpy4                          0x0800060d   Thumb Code     0  rt_memcpy_w.o(.text)
    __aeabi_memcpy8                          0x0800060d   Thumb Code     0  rt_memcpy_w.o(.text)
    __rt_memcpy_w                            0x0800060d   Thumb Code   100  rt_memcpy_w.o(.text)
    _memcpy_lastbytes_aligned                0x08000655   Thumb Code     0  rt_memcpy_w.o(.text)
    __aeabi_memclr                           0x08000671   Thumb Code     0  rt_memclr.o(.text)
    __rt_memclr                              0x08000671   Thumb Code    68  rt_memclr.o(.text)
    _memset                                  0x08000675   Thumb Code     0  rt_memclr.o(.text)
    __aeabi_memclr4                          0x080006b5   Thumb Code     0  rt_memclr_w.o(.text)
    __aeabi_memclr8                          0x080006b5   Thumb Code     0  rt_memclr_w.o(.text)
    __rt_memclr_w                            0x080006b5   Thumb Code    78  rt_memclr_w.o(.text)
    _memset_w                                0x080006b9   Thumb Code     0  rt_memclr_w.o(.text)
    strncpy                                  0x08000703   Thumb Code    86  strncpy.o(.text)
    __use_two_region_memory                  0x08000759   Thumb Code     2  heapauxi.o(.text)
    __rt_heap_escrow$2region                 0x0800075b   Thumb Code     2  heapauxi.o(.text)
    __rt_heap_expand$2region                 0x0800075d   Thumb Code     2  heapauxi.o(.text)
    __I$use$semihosting                      0x0800075f   Thumb Code     0  use_no_semi.o(.text)
    __use_no_semihosting_swi                 0x0800075f   Thumb Code     2  use_no_semi.o(.text)
    _printf_int_common                       0x08000761   Thumb Code   178  _printf_intcommon.o(.text)
    _printf_char_common                      0x0800081f   Thumb Code    32  _printf_char_common.o(.text)
    _sputc                                   0x08000845   Thumb Code    10  _sputc.o(.text)
    _snputc                                  0x0800084f   Thumb Code    16  _snputc.o(.text)
    _printf_cs_common                        0x0800085f   Thumb Code    20  _printf_char.o(.text)
    _printf_char                             0x08000873   Thumb Code    16  _printf_char.o(.text)
    _printf_string                           0x08000883   Thumb Code     8  _printf_char.o(.text)
    _printf_char_file                        0x0800088d   Thumb Code    32  _printf_char_file.o(.text)
    ferror                                   0x080008b1   Thumb Code     8  ferror.o(.text)
    __user_setup_stackheap                   0x080008b9   Thumb Code    74  sys_stackheap_outer.o(.text)
    exit                                     0x08000903   Thumb Code    18  exit.o(.text)
    __user_libspace                          0x08000915   Thumb Code     8  libspace.o(.text)
    __user_perproc_libspace                  0x08000915   Thumb Code     0  libspace.o(.text)
    __user_perthread_libspace                0x08000915   Thumb Code     0  libspace.o(.text)
    BusFault_Handler                         0x0800091d   Thumb Code     2  stm32f1xx_it.o(i.BusFault_Handler)
    DebugMon_Handler                         0x0800091f   Thumb Code     2  stm32f1xx_it.o(i.DebugMon_Handler)
    Error_Handler                            0x08000921   Thumb Code     4  main.o(i.Error_Handler)
    FLASH_PageErase                          0x08000949   Thumb Code    28  stm32f1xx_hal_flash_ex.o(i.FLASH_PageErase)
    FLASH_WaitForLastOperation               0x080009e5   Thumb Code    80  stm32f1xx_hal_flash.o(i.FLASH_WaitForLastOperation)
    HAL_Delay                                0x08000a39   Thumb Code    32  stm32f1xx_hal.o(i.HAL_Delay)
    HAL_FLASHEx_Erase                        0x08000a5d   Thumb Code   160  stm32f1xx_hal_flash_ex.o(i.HAL_FLASHEx_Erase)
    HAL_FLASH_Lock                           0x08000b05   Thumb Code    14  stm32f1xx_hal_flash.o(i.HAL_FLASH_Lock)
    HAL_FLASH_Program                        0x08000b19   Thumb Code   120  stm32f1xx_hal_flash.o(i.HAL_FLASH_Program)
    HAL_FLASH_Unlock                         0x08000b99   Thumb Code    28  stm32f1xx_hal_flash.o(i.HAL_FLASH_Unlock)
    HAL_GPIO_DeInit                          0x08000bc1   Thumb Code   284  stm32f1xx_hal_gpio.o(i.HAL_GPIO_DeInit)
    HAL_GPIO_Init                            0x08000cfd   Thumb Code   462  stm32f1xx_hal_gpio.o(i.HAL_GPIO_Init)
    HAL_GetTick                              0x08000ef5   Thumb Code     6  stm32f1xx_hal.o(i.HAL_GetTick)
    HAL_IncTick                              0x08000f01   Thumb Code    12  stm32f1xx_hal.o(i.HAL_IncTick)
    HAL_Init                                 0x08000f11   Thumb Code    32  stm32f1xx_hal.o(i.HAL_Init)
    HAL_InitTick                             0x08000f35   Thumb Code    54  stm32f1xx_hal.o(i.HAL_InitTick)
    HAL_MspInit                              0x08000f75   Thumb Code    52  stm32f1xx_hal_msp.o(i.HAL_MspInit)
    HAL_NVIC_DisableIRQ                      0x08000fb1   Thumb Code    34  stm32f1xx_hal_cortex.o(i.HAL_NVIC_DisableIRQ)
    HAL_NVIC_EnableIRQ                       0x08000fd3   Thumb Code    26  stm32f1xx_hal_cortex.o(i.HAL_NVIC_EnableIRQ)
    HAL_NVIC_SetPriority                     0x08000fed   Thumb Code    60  stm32f1xx_hal_cortex.o(i.HAL_NVIC_SetPriority)
    HAL_NVIC_SetPriorityGrouping             0x0800102d   Thumb Code    26  stm32f1xx_hal_cortex.o(i.HAL_NVIC_SetPriorityGrouping)
    HAL_RCC_ClockConfig                      0x08001051   Thumb Code   280  stm32f1xx_hal_rcc.o(i.HAL_RCC_ClockConfig)
    HAL_RCC_GetPCLK1Freq                     0x0800117d   Thumb Code    20  stm32f1xx_hal_rcc.o(i.HAL_RCC_GetPCLK1Freq)
    HAL_RCC_GetPCLK2Freq                     0x0800119d   Thumb Code    20  stm32f1xx_hal_rcc.o(i.HAL_RCC_GetPCLK2Freq)
    HAL_RCC_GetSysClockFreq                  0x080011bd   Thumb Code    58  stm32f1xx_hal_rcc.o(i.HAL_RCC_GetSysClockFreq)
    HAL_RCC_OscConfig                        0x08001209   Thumb Code   778  stm32f1xx_hal_rcc.o(i.HAL_RCC_OscConfig)
    HAL_SYSTICK_Config                       0x08001529   Thumb Code    40  stm32f1xx_hal_cortex.o(i.HAL_SYSTICK_Config)
    HAL_TIMEx_MasterConfigSynchronization    0x08001551   Thumb Code   104  stm32f1xx_hal_tim_ex.o(i.HAL_TIMEx_MasterConfigSynchronization)
    HAL_TIM_Base_DeInit                      0x080015cd   Thumb Code    92  stm32f1xx_hal_tim.o(i.HAL_TIM_Base_DeInit)
    HAL_TIM_Base_Init                        0x08001629   Thumb Code    90  stm32f1xx_hal_tim.o(i.HAL_TIM_Base_Init)
    HAL_TIM_Base_MspDeInit                   0x08001685   Thumb Code    26  tim.o(i.HAL_TIM_Base_MspDeInit)
    HAL_TIM_Base_MspInit                     0x080016a9   Thumb Code    50  tim.o(i.HAL_TIM_Base_MspInit)
    HAL_TIM_Base_Stop                        0x080016e5   Thumb Code    38  stm32f1xx_hal_tim.o(i.HAL_TIM_Base_Stop)
    HAL_TIM_Base_Stop_IT                     0x0800170b   Thumb Code    48  stm32f1xx_hal_tim.o(i.HAL_TIM_Base_Stop_IT)
    HAL_TIM_ConfigClockSource                0x0800173b   Thumb Code   220  stm32f1xx_hal_tim.o(i.HAL_TIM_ConfigClockSource)
    HAL_UART_DeInit                          0x08001817   Thumb Code    54  stm32f1xx_hal_uart.o(i.HAL_UART_DeInit)
    HAL_UART_Init                            0x0800184d   Thumb Code   100  stm32f1xx_hal_uart.o(i.HAL_UART_Init)
    HAL_UART_MspDeInit                       0x080018b1   Thumb Code    66  usart.o(i.HAL_UART_MspDeInit)
    HAL_UART_MspInit                         0x08001905   Thumb Code   186  usart.o(i.HAL_UART_MspInit)
    HAL_UART_Transmit                        0x080019d1   Thumb Code   160  stm32f1xx_hal_uart.o(i.HAL_UART_Transmit)
    HardFault_Handler                        0x08001a71   Thumb Code     2  stm32f1xx_it.o(i.HardFault_Handler)
    IAP_Bootloader_DeInit                    0x08001a75   Thumb Code    48  iap_bootloader.o(i.IAP_Bootloader_DeInit)
    IAP_Bootloader_Init                      0x08001dc5   Thumb Code    52  iap_bootloader.o(i.IAP_Bootloader_Init)
    IAP_Bootloader_MainLoop                  0x08001e7d   Thumb Code   188  iap_bootloader.o(i.IAP_Bootloader_MainLoop)
    IAP_Core_CheckApplication                0x08002421   Thumb Code    78  iap_core.o(i.IAP_Core_CheckApplication)
    IAP_Core_CheckUpgradeFlag                0x080024f1   Thumb Code    70  iap_core.o(i.IAP_Core_CheckUpgradeFlag)
    IAP_Core_ClearUpgradeFlag                0x0800257d   Thumb Code    46  iap_core.o(i.IAP_Core_ClearUpgradeFlag)
    IAP_Core_Delay_ms                        0x0800261d   Thumb Code    10  iap_core.o(i.IAP_Core_Delay_ms)
    IAP_Core_GetTick                         0x08002627   Thumb Code     4  iap_core.o(i.IAP_Core_GetTick)
    IAP_Core_JumpToApplication               0x0800262d   Thumb Code   190  iap_core.o(i.IAP_Core_JumpToApplication)
    IAP_Core_ReadFirmwareHeader              0x0800283d   Thumb Code   120  iap_core.o(i.IAP_Core_ReadFirmwareHeader)
    IAP_Flash_DeInit                         0x08002905   Thumb Code     4  iap_flash.o(i.IAP_Flash_DeInit)
    IAP_Flash_ErasePage                      0x08002909   Thumb Code    66  iap_flash.o(i.IAP_Flash_ErasePage)
    IAP_Flash_ErasePages                     0x08002951   Thumb Code    98  iap_flash.o(i.IAP_Flash_ErasePages)
    IAP_Flash_Init                           0x080029bd   Thumb Code    12  iap_flash.o(i.IAP_Flash_Init)
    IAP_Flash_IsValidAddr                    0x080029cd   Thumb Code    18  iap_flash.o(i.IAP_Flash_IsValidAddr)
    IAP_Flash_Unlock                         0x080029e5   Thumb Code    14  iap_flash.o(i.IAP_Flash_Unlock)
    IAP_Flash_WriteData                      0x080029f3   Thumb Code    98  iap_flash.o(i.IAP_Flash_WriteData)
    IAP_TIMER_DeInit                         0x08002a55   Thumb Code    30  iap_timer.o(i.IAP_TIMER_DeInit)
    IAP_TIMER_Init                           0x08002a79   Thumb Code     4  iap_timer.o(i.IAP_TIMER_Init)
    IAP_UART_ClearBuffer                     0x08002a7d   Thumb Code    88  iap_uart.o(i.IAP_UART_ClearBuffer)
    IAP_UART_DataAvailable                   0x08002add   Thumb Code    22  iap_uart.o(i.IAP_UART_DataAvailable)
    IAP_UART_DeInit                          0x08002af9   Thumb Code    38  iap_uart.o(i.IAP_UART_DeInit)
    IAP_UART_Init                            0x08002b25   Thumb Code    20  iap_uart.o(i.IAP_UART_Init)
    IAP_UART_ReceiveByte                     0x08002b3d   Thumb Code    74  iap_uart.o(i.IAP_UART_ReceiveByte)
    IAP_UART_ReceiveByteWithStatus           0x08002b8d   Thumb Code     4  iap_uart.o(i.IAP_UART_ReceiveByteWithStatus)
    IAP_UART_RxCompletedCallback             0x08002b91   Thumb Code    10  iap_uart.o(i.IAP_UART_RxCompletedCallback)
    IAP_UART_SendByte                        0x08002ba1   Thumb Code    18  iap_uart.o(i.IAP_UART_SendByte)
    MD5_Final                                0x08002bd5   Thumb Code   112  iap_md5.o(i.MD5_Final)
    MD5_Init                                 0x08002c85   Thumb Code    28  iap_md5.o(i.MD5_Init)
    MD5_Update                               0x080034e5   Thumb Code   112  iap_md5.o(i.MD5_Update)
    MX_GPIO_Init                             0x08003555   Thumb Code    38  gpio.o(i.MX_GPIO_Init)
    MX_TIM1_Init                             0x08003581   Thumb Code    96  tim.o(i.MX_TIM1_Init)
    MX_USART1_UART_Init                      0x080035e9   Thumb Code    48  usart.o(i.MX_USART1_UART_Init)
    MX_USART2_UART_Init                      0x08003621   Thumb Code    48  usart.o(i.MX_USART2_UART_Init)
    MemManage_Handler                        0x08003659   Thumb Code     2  stm32f1xx_it.o(i.MemManage_Handler)
    NMI_Handler                              0x0800365b   Thumb Code     2  stm32f1xx_it.o(i.NMI_Handler)
    PendSV_Handler                           0x0800365d   Thumb Code     2  stm32f1xx_it.o(i.PendSV_Handler)
    SVC_Handler                              0x0800365f   Thumb Code     2  stm32f1xx_it.o(i.SVC_Handler)
    SysTick_Handler                          0x08003661   Thumb Code     4  stm32f1xx_it.o(i.SysTick_Handler)
    SystemClock_Config                       0x08003665   Thumb Code    94  main.o(i.SystemClock_Config)
    SystemInit                               0x080036c3   Thumb Code     2  system_stm32f1xx.o(i.SystemInit)
    TIM1_UP_IRQHandler                       0x080036c5   Thumb Code    34  iap_timer.o(i.TIM1_UP_IRQHandler)
    TIM_Base_SetConfig                       0x080036ed   Thumb Code   134  stm32f1xx_hal_tim.o(i.TIM_Base_SetConfig)
    TIM_ETR_SetConfig                        0x08003789   Thumb Code    20  stm32f1xx_hal_tim.o(i.TIM_ETR_SetConfig)
    USART1_IRQHandler                        0x0800396d   Thumb Code    94  iap_uart.o(i.USART1_IRQHandler)
    UsageFault_Handler                       0x080039d9   Thumb Code     2  stm32f1xx_it.o(i.UsageFault_Handler)
    Ymodem_EraseFirmware                     0x080039db   Thumb Code    32  ymodem.o(i.Ymodem_EraseFirmware)
    Ymodem_Init                              0x08003c35   Thumb Code     2  ymodem.o(i.Ymodem_Init)
    Ymodem_ParseFirmwareHeader               0x08003ecd   Thumb Code   116  ymodem.o(i.Ymodem_ParseFirmwareHeader)
    Ymodem_ReceiveFile                       0x0800446d   Thumb Code   456  ymodem.o(i.Ymodem_ReceiveFile)
    Ymodem_SaveFirmwareHeader                0x08004bb9   Thumb Code    36  ymodem.o(i.Ymodem_SaveFirmwareHeader)
    Ymodem_SendCancel                        0x08004be9   Thumb Code    34  ymodem.o(i.Ymodem_SendCancel)
    Ymodem_VerifyFirmware                    0x08004e7d   Thumb Code   114  ymodem.o(i.Ymodem_VerifyFirmware)
    _is_digit                                0x08004f0f   Thumb Code    14  __printf_wp.o(i._is_digit)
    _sys_exit                                0x08004f1d   Thumb Code     2  usart.o(i._sys_exit)
    fputc                                    0x08004f21   Thumb Code    26  usart.o(i.fputc)
    main                                     0x080051ed   Thumb Code    26  main.o(i.main)
    AHBPrescTable                            0x08005218   Data          16  system_stm32f1xx.o(.constdata)
    APBPrescTable                            0x08005228   Data           8  system_stm32f1xx.o(.constdata)
    Region$$Table$$Base                      0x080060bc   Number         0  anon$$obj.o(Region$$Table)
    Region$$Table$$Limit                     0x080060dc   Number         0  anon$$obj.o(Region$$Table)
    g_ymodem_busy                            0x20000008   Data           1  usart.o(.data)
    __stdout                                 0x2000000c   Data           4  usart.o(.data)
    uwTickFreq                               0x20000010   Data           1  stm32f1xx_hal.o(.data)
    uwTickPrio                               0x20000014   Data           4  stm32f1xx_hal.o(.data)
    uwTick                                   0x20000018   Data           4  stm32f1xx_hal.o(.data)
    SystemCoreClock                          0x2000001c   Data           4  system_stm32f1xx.o(.data)
    htim1                                    0x2000002c   Data          72  tim.o(.bss)
    huart1                                   0x20000074   Data          72  usart.o(.bss)
    huart2                                   0x200000bc   Data          72  usart.o(.bss)
    pFlash                                   0x20000108   Data          32  stm32f1xx_hal_flash.o(.bss)
    ymodem_rx_buffer                         0x20000128   Data        1048  iap_uart.o(.bss)
    __libspace_start                         0x20000580   Data          96  libspace.o(.bss)
    __temporary_stack_top$libspace           0x200005e0   Data           0  libspace.o(.bss)



==============================================================================

Memory Map of the image

  Image Entry point : 0x08000131

  Load Region LR_IROM1 (Base: 0x08000000, Size: 0x00006100, Max: 0x00007fff, ABSOLUTE)

    Execution Region ER_IROM1 (Exec base: 0x08000000, Load base: 0x08000000, Size: 0x000060dc, Max: 0x00007fff, ABSOLUTE)

    Exec Addr    Load Addr    Size         Type   Attr      Idx    E Section Name        Object

    0x08000000   0x08000000   0x00000130   Data   RO            3    RESET               startup_stm32f103xe.o
    0x08000130   0x08000130   0x00000008   Code   RO         3472  * !!!main             c_w.l(__main.o)
    0x08000138   0x08000138   0x00000034   Code   RO         3648    !!!scatter          c_w.l(__scatter.o)
    0x0800016c   0x0800016c   0x0000001a   Code   RO         3650    !!handler_copy      c_w.l(__scatter_copy.o)
    0x08000186   0x08000186   0x00000002   PAD
    0x08000188   0x08000188   0x0000001c   Code   RO         3652    !!handler_zi        c_w.l(__scatter_zi.o)
    0x080001a4   0x080001a4   0x00000000   Code   RO         3457    .ARM.Collect$$_printf_percent$$00000000  c_w.l(_printf_percent.o)
    0x080001a4   0x080001a4   0x00000006   Code   RO         3455    .ARM.Collect$$_printf_percent$$00000009  c_w.l(_printf_d.o)
    0x080001aa   0x080001aa   0x00000006   Code   RO         3456    .ARM.Collect$$_printf_percent$$0000000A  c_w.l(_printf_u.o)
    0x080001b0   0x080001b0   0x00000006   Code   RO         3454    .ARM.Collect$$_printf_percent$$0000000C  c_w.l(_printf_x.o)
    0x080001b6   0x080001b6   0x00000006   Code   RO         3453    .ARM.Collect$$_printf_percent$$00000014  c_w.l(_printf_s.o)
    0x080001bc   0x080001bc   0x00000004   Code   RO         3489    .ARM.Collect$$_printf_percent$$00000017  c_w.l(_printf_percent_end.o)
    0x080001c0   0x080001c0   0x00000002   Code   RO         3520    .ARM.Collect$$libinit$$00000000  c_w.l(libinit.o)
    0x080001c2   0x080001c2   0x00000000   Code   RO         3527    .ARM.Collect$$libinit$$00000002  c_w.l(libinit2.o)
    0x080001c2   0x080001c2   0x00000000   Code   RO         3529    .ARM.Collect$$libinit$$00000004  c_w.l(libinit2.o)
    0x080001c2   0x080001c2   0x00000000   Code   RO         3532    .ARM.Collect$$libinit$$0000000A  c_w.l(libinit2.o)
    0x080001c2   0x080001c2   0x00000000   Code   RO         3534    .ARM.Collect$$libinit$$0000000C  c_w.l(libinit2.o)
    0x080001c2   0x080001c2   0x00000000   Code   RO         3536    .ARM.Collect$$libinit$$0000000E  c_w.l(libinit2.o)
    0x080001c2   0x080001c2   0x00000000   Code   RO         3539    .ARM.Collect$$libinit$$00000011  c_w.l(libinit2.o)
    0x080001c2   0x080001c2   0x00000000   Code   RO         3541    .ARM.Collect$$libinit$$00000013  c_w.l(libinit2.o)
    0x080001c2   0x080001c2   0x00000000   Code   RO         3543    .ARM.Collect$$libinit$$00000015  c_w.l(libinit2.o)
    0x080001c2   0x080001c2   0x00000000   Code   RO         3545    .ARM.Collect$$libinit$$00000017  c_w.l(libinit2.o)
    0x080001c2   0x080001c2   0x00000000   Code   RO         3547    .ARM.Collect$$libinit$$00000019  c_w.l(libinit2.o)
    0x080001c2   0x080001c2   0x00000000   Code   RO         3549    .ARM.Collect$$libinit$$0000001B  c_w.l(libinit2.o)
    0x080001c2   0x080001c2   0x00000000   Code   RO         3551    .ARM.Collect$$libinit$$0000001D  c_w.l(libinit2.o)
    0x080001c2   0x080001c2   0x00000000   Code   RO         3553    .ARM.Collect$$libinit$$0000001F  c_w.l(libinit2.o)
    0x080001c2   0x080001c2   0x00000000   Code   RO         3555    .ARM.Collect$$libinit$$00000021  c_w.l(libinit2.o)
    0x080001c2   0x080001c2   0x00000000   Code   RO         3557    .ARM.Collect$$libinit$$00000023  c_w.l(libinit2.o)
    0x080001c2   0x080001c2   0x00000000   Code   RO         3559    .ARM.Collect$$libinit$$00000025  c_w.l(libinit2.o)
    0x080001c2   0x080001c2   0x00000000   Code   RO         3563    .ARM.Collect$$libinit$$0000002C  c_w.l(libinit2.o)
    0x080001c2   0x080001c2   0x00000000   Code   RO         3565    .ARM.Collect$$libinit$$0000002E  c_w.l(libinit2.o)
    0x080001c2   0x080001c2   0x00000000   Code   RO         3567    .ARM.Collect$$libinit$$00000030  c_w.l(libinit2.o)
    0x080001c2   0x080001c2   0x00000000   Code   RO         3569    .ARM.Collect$$libinit$$00000032  c_w.l(libinit2.o)
    0x080001c2   0x080001c2   0x00000002   Code   RO         3570    .ARM.Collect$$libinit$$00000033  c_w.l(libinit2.o)
    0x080001c4   0x080001c4   0x00000002   Code   RO         3588    .ARM.Collect$$libshutdown$$00000000  c_w.l(libshutdown.o)
    0x080001c6   0x080001c6   0x00000000   Code   RO         3598    .ARM.Collect$$libshutdown$$00000002  c_w.l(libshutdown2.o)
    0x080001c6   0x080001c6   0x00000000   Code   RO         3600    .ARM.Collect$$libshutdown$$00000004  c_w.l(libshutdown2.o)
    0x080001c6   0x080001c6   0x00000000   Code   RO         3602    .ARM.Collect$$libshutdown$$00000006  c_w.l(libshutdown2.o)
    0x080001c6   0x080001c6   0x00000000   Code   RO         3605    .ARM.Collect$$libshutdown$$00000009  c_w.l(libshutdown2.o)
    0x080001c6   0x080001c6   0x00000000   Code   RO         3608    .ARM.Collect$$libshutdown$$0000000C  c_w.l(libshutdown2.o)
    0x080001c6   0x080001c6   0x00000000   Code   RO         3610    .ARM.Collect$$libshutdown$$0000000E  c_w.l(libshutdown2.o)
    0x080001c6   0x080001c6   0x00000000   Code   RO         3613    .ARM.Collect$$libshutdown$$00000011  c_w.l(libshutdown2.o)
    0x080001c6   0x080001c6   0x00000002   Code   RO         3614    .ARM.Collect$$libshutdown$$00000012  c_w.l(libshutdown2.o)
    0x080001c8   0x080001c8   0x00000000   Code   RO         3476    .ARM.Collect$$rtentry$$00000000  c_w.l(__rtentry.o)
    0x080001c8   0x080001c8   0x00000000   Code   RO         3491    .ARM.Collect$$rtentry$$00000002  c_w.l(__rtentry2.o)
    0x080001c8   0x080001c8   0x00000006   Code   RO         3503    .ARM.Collect$$rtentry$$00000004  c_w.l(__rtentry4.o)
    0x080001ce   0x080001ce   0x00000000   Code   RO         3493    .ARM.Collect$$rtentry$$00000009  c_w.l(__rtentry2.o)
    0x080001ce   0x080001ce   0x00000004   Code   RO         3494    .ARM.Collect$$rtentry$$0000000A  c_w.l(__rtentry2.o)
    0x080001d2   0x080001d2   0x00000000   Code   RO         3496    .ARM.Collect$$rtentry$$0000000C  c_w.l(__rtentry2.o)
    0x080001d2   0x080001d2   0x00000008   Code   RO         3497    .ARM.Collect$$rtentry$$0000000D  c_w.l(__rtentry2.o)
    0x080001da   0x080001da   0x00000002   Code   RO         3524    .ARM.Collect$$rtexit$$00000000  c_w.l(rtexit.o)
    0x080001dc   0x080001dc   0x00000000   Code   RO         3572    .ARM.Collect$$rtexit$$00000002  c_w.l(rtexit2.o)
    0x080001dc   0x080001dc   0x00000004   Code   RO         3573    .ARM.Collect$$rtexit$$00000003  c_w.l(rtexit2.o)
    0x080001e0   0x080001e0   0x00000006   Code   RO         3574    .ARM.Collect$$rtexit$$00000004  c_w.l(rtexit2.o)
    0x080001e6   0x080001e6   0x00000002   PAD
    0x080001e8   0x080001e8   0x00000040   Code   RO            4    .text               startup_stm32f103xe.o
    0x08000228   0x08000228   0x00000002   Code   RO         3392    .text               c_w.l(use_no_semi_2.o)
    0x0800022a   0x0800022a   0x00000026   Code   RO         3394    .text               c_w.l(llushr.o)
    0x08000250   0x08000250   0x00000018   Code   RO         3400    .text               c_w.l(noretval__2printf.o)
    0x08000268   0x08000268   0x00000034   Code   RO         3402    .text               c_w.l(noretval__2snprintf.o)
    0x0800029c   0x0800029c   0x0000004e   Code   RO         3406    .text               c_w.l(_printf_pad.o)
    0x080002ea   0x080002ea   0x00000052   Code   RO         3408    .text               c_w.l(_printf_str.o)
    0x0800033c   0x0800033c   0x00000078   Code   RO         3410    .text               c_w.l(_printf_dec.o)
    0x080003b4   0x080003b4   0x00000058   Code   RO         3415    .text               c_w.l(_printf_hex_int.o)
    0x0800040c   0x0800040c   0x00000138   Code   RO         3445    .text               c_w.l(__printf_flags_wp.o)
    0x08000544   0x08000544   0x0000003e   Code   RO         3458    .text               c_w.l(strlen.o)
    0x08000582   0x08000582   0x0000008a   Code   RO         3460    .text               c_w.l(rt_memcpy_v6.o)
    0x0800060c   0x0800060c   0x00000064   Code   RO         3462    .text               c_w.l(rt_memcpy_w.o)
    0x08000670   0x08000670   0x00000044   Code   RO         3464    .text               c_w.l(rt_memclr.o)
    0x080006b4   0x080006b4   0x0000004e   Code   RO         3466    .text               c_w.l(rt_memclr_w.o)
    0x08000702   0x08000702   0x00000056   Code   RO         3468    .text               c_w.l(strncpy.o)
    0x08000758   0x08000758   0x00000006   Code   RO         3470    .text               c_w.l(heapauxi.o)
    0x0800075e   0x0800075e   0x00000002   Code   RO         3474    .text               c_w.l(use_no_semi.o)
    0x08000760   0x08000760   0x000000b2   Code   RO         3477    .text               c_w.l(_printf_intcommon.o)
    0x08000812   0x08000812   0x00000002   PAD
    0x08000814   0x08000814   0x00000030   Code   RO         3479    .text               c_w.l(_printf_char_common.o)
    0x08000844   0x08000844   0x0000000a   Code   RO         3481    .text               c_w.l(_sputc.o)
    0x0800084e   0x0800084e   0x00000010   Code   RO         3483    .text               c_w.l(_snputc.o)
    0x0800085e   0x0800085e   0x0000002c   Code   RO         3485    .text               c_w.l(_printf_char.o)
    0x0800088a   0x0800088a   0x00000002   PAD
    0x0800088c   0x0800088c   0x00000024   Code   RO         3487    .text               c_w.l(_printf_char_file.o)
    0x080008b0   0x080008b0   0x00000008   Code   RO         3507    .text               c_w.l(ferror.o)
    0x080008b8   0x080008b8   0x0000004a   Code   RO         3511    .text               c_w.l(sys_stackheap_outer.o)
    0x08000902   0x08000902   0x00000012   Code   RO         3513    .text               c_w.l(exit.o)
    0x08000914   0x08000914   0x00000008   Code   RO         3521    .text               c_w.l(libspace.o)
    0x0800091c   0x0800091c   0x00000002   Code   RO          284    i.BusFault_Handler  stm32f1xx_it.o
    0x0800091e   0x0800091e   0x00000002   Code   RO          285    i.DebugMon_Handler  stm32f1xx_it.o
    0x08000920   0x08000920   0x00000004   Code   RO           13    i.Error_Handler     main.o
    0x08000924   0x08000924   0x00000024   Code   RO         2213    i.FLASH_MassErase   stm32f1xx_hal_flash_ex.o
    0x08000948   0x08000948   0x00000024   Code   RO         2218    i.FLASH_PageErase   stm32f1xx_hal_flash_ex.o
    0x0800096c   0x0800096c   0x0000001c   Code   RO         2110    i.FLASH_Program_HalfWord  stm32f1xx_hal_flash.o
    0x08000988   0x08000988   0x0000005c   Code   RO         2111    i.FLASH_SetErrorCode  stm32f1xx_hal_flash.o
    0x080009e4   0x080009e4   0x00000054   Code   RO         2112    i.FLASH_WaitForLastOperation  stm32f1xx_hal_flash.o
    0x08000a38   0x08000a38   0x00000024   Code   RO         1400    i.HAL_Delay         stm32f1xx_hal.o
    0x08000a5c   0x08000a5c   0x000000a8   Code   RO         2219    i.HAL_FLASHEx_Erase  stm32f1xx_hal_flash_ex.o
    0x08000b04   0x08000b04   0x00000014   Code   RO         2116    i.HAL_FLASH_Lock    stm32f1xx_hal_flash.o
    0x08000b18   0x08000b18   0x00000080   Code   RO         2121    i.HAL_FLASH_Program  stm32f1xx_hal_flash.o
    0x08000b98   0x08000b98   0x00000028   Code   RO         2123    i.HAL_FLASH_Unlock  stm32f1xx_hal_flash.o
    0x08000bc0   0x08000bc0   0x0000013c   Code   RO         1707    i.HAL_GPIO_DeInit   stm32f1xx_hal_gpio.o
    0x08000cfc   0x08000cfc   0x000001f8   Code   RO         1710    i.HAL_GPIO_Init     stm32f1xx_hal_gpio.o
    0x08000ef4   0x08000ef4   0x0000000c   Code   RO         1404    i.HAL_GetTick       stm32f1xx_hal.o
    0x08000f00   0x08000f00   0x00000010   Code   RO         1410    i.HAL_IncTick       stm32f1xx_hal.o
    0x08000f10   0x08000f10   0x00000024   Code   RO         1411    i.HAL_Init          stm32f1xx_hal.o
    0x08000f34   0x08000f34   0x00000040   Code   RO         1412    i.HAL_InitTick      stm32f1xx_hal.o
    0x08000f74   0x08000f74   0x0000003c   Code   RO          360    i.HAL_MspInit       stm32f1xx_hal_msp.o
    0x08000fb0   0x08000fb0   0x00000022   Code   RO         1869    i.HAL_NVIC_DisableIRQ  stm32f1xx_hal_cortex.o
    0x08000fd2   0x08000fd2   0x0000001a   Code   RO         1870    i.HAL_NVIC_EnableIRQ  stm32f1xx_hal_cortex.o
    0x08000fec   0x08000fec   0x00000040   Code   RO         1876    i.HAL_NVIC_SetPriority  stm32f1xx_hal_cortex.o
    0x0800102c   0x0800102c   0x00000024   Code   RO         1877    i.HAL_NVIC_SetPriorityGrouping  stm32f1xx_hal_cortex.o
    0x08001050   0x08001050   0x0000012c   Code   RO         1568    i.HAL_RCC_ClockConfig  stm32f1xx_hal_rcc.o
    0x0800117c   0x0800117c   0x00000020   Code   RO         1575    i.HAL_RCC_GetPCLK1Freq  stm32f1xx_hal_rcc.o
    0x0800119c   0x0800119c   0x00000020   Code   RO         1576    i.HAL_RCC_GetPCLK2Freq  stm32f1xx_hal_rcc.o
    0x080011bc   0x080011bc   0x0000004c   Code   RO         1577    i.HAL_RCC_GetSysClockFreq  stm32f1xx_hal_rcc.o
    0x08001208   0x08001208   0x00000320   Code   RO         1580    i.HAL_RCC_OscConfig  stm32f1xx_hal_rcc.o
    0x08001528   0x08001528   0x00000028   Code   RO         1881    i.HAL_SYSTICK_Config  stm32f1xx_hal_cortex.o
    0x08001550   0x08001550   0x0000007c   Code   RO         1145    i.HAL_TIMEx_MasterConfigSynchronization  stm32f1xx_hal_tim_ex.o
    0x080015cc   0x080015cc   0x0000005c   Code   RO          420    i.HAL_TIM_Base_DeInit  stm32f1xx_hal_tim.o
    0x08001628   0x08001628   0x0000005a   Code   RO          422    i.HAL_TIM_Base_Init  stm32f1xx_hal_tim.o
    0x08001682   0x08001682   0x00000002   PAD
    0x08001684   0x08001684   0x00000024   Code   RO          176    i.HAL_TIM_Base_MspDeInit  tim.o
    0x080016a8   0x080016a8   0x0000003c   Code   RO          177    i.HAL_TIM_Base_MspInit  tim.o
    0x080016e4   0x080016e4   0x00000026   Code   RO          428    i.HAL_TIM_Base_Stop  stm32f1xx_hal_tim.o
    0x0800170a   0x0800170a   0x00000030   Code   RO          430    i.HAL_TIM_Base_Stop_IT  stm32f1xx_hal_tim.o
    0x0800173a   0x0800173a   0x000000dc   Code   RO          431    i.HAL_TIM_ConfigClockSource  stm32f1xx_hal_tim.o
    0x08001816   0x08001816   0x00000036   Code   RO         2395    i.HAL_UART_DeInit   stm32f1xx_hal_uart.o
    0x0800184c   0x0800184c   0x00000064   Code   RO         2400    i.HAL_UART_Init     stm32f1xx_hal_uart.o
    0x080018b0   0x080018b0   0x00000054   Code   RO          218    i.HAL_UART_MspDeInit  usart.o
    0x08001904   0x08001904   0x000000cc   Code   RO          219    i.HAL_UART_MspInit  usart.o
    0x080019d0   0x080019d0   0x000000a0   Code   RO         2408    i.HAL_UART_Transmit  stm32f1xx_hal_uart.o
    0x08001a70   0x08001a70   0x00000002   Code   RO          286    i.HardFault_Handler  stm32f1xx_it.o
    0x08001a72   0x08001a72   0x00000002   PAD
    0x08001a74   0x08001a74   0x0000003c   Code   RO         3062    i.IAP_Bootloader_DeInit  iap_bootloader.o
    0x08001ab0   0x08001ab0   0x00000088   Code   RO         3063    i.IAP_Bootloader_HandleCheckUpgrade  iap_bootloader.o
    0x08001b38   0x08001b38   0x000000a0   Code   RO         3064    i.IAP_Bootloader_HandleJumpApp  iap_bootloader.o
    0x08001bd8   0x08001bd8   0x00000120   Code   RO         3065    i.IAP_Bootloader_HandleUpgrade  iap_bootloader.o
    0x08001cf8   0x08001cf8   0x000000cc   Code   RO         3066    i.IAP_Bootloader_HandleUpgradeResult  iap_bootloader.o
    0x08001dc4   0x08001dc4   0x000000b8   Code   RO         3067    i.IAP_Bootloader_Init  iap_bootloader.o
    0x08001e7c   0x08001e7c   0x000001ac   Code   RO         3068    i.IAP_Bootloader_MainLoop  iap_bootloader.o
    0x08002028   0x08002028   0x000001f4   Code   RO         3069    i.IAP_Bootloader_PerformUpgrade  iap_bootloader.o
    0x0800221c   0x0800221c   0x000000c8   Code   RO         3070    i.IAP_Bootloader_PrintBanner  iap_bootloader.o
    0x080022e4   0x080022e4   0x0000013c   Code   RO         3071    i.IAP_Bootloader_PrintSystemInfo  iap_bootloader.o
    0x08002420   0x08002420   0x000000d0   Code   RO         3142    i.IAP_Core_CheckApplication  iap_core.o
    0x080024f0   0x080024f0   0x0000008c   Code   RO         3143    i.IAP_Core_CheckUpgradeFlag  iap_core.o
    0x0800257c   0x0800257c   0x000000a0   Code   RO         3144    i.IAP_Core_ClearUpgradeFlag  iap_core.o
    0x0800261c   0x0800261c   0x0000000a   Code   RO         3145    i.IAP_Core_Delay_ms  iap_core.o
    0x08002626   0x08002626   0x00000004   Code   RO         3146    i.IAP_Core_GetTick  iap_core.o
    0x0800262a   0x0800262a   0x00000002   PAD
    0x0800262c   0x0800262c   0x00000210   Code   RO         3147    i.IAP_Core_JumpToApplication  iap_core.o
    0x0800283c   0x0800283c   0x000000c8   Code   RO         3149    i.IAP_Core_ReadFirmwareHeader  iap_core.o
    0x08002904   0x08002904   0x00000004   Code   RO         2771    i.IAP_Flash_DeInit  iap_flash.o
    0x08002908   0x08002908   0x00000048   Code   RO         2772    i.IAP_Flash_ErasePage  iap_flash.o
    0x08002950   0x08002950   0x0000006c   Code   RO         2773    i.IAP_Flash_ErasePages  iap_flash.o
    0x080029bc   0x080029bc   0x00000010   Code   RO         2775    i.IAP_Flash_Init    iap_flash.o
    0x080029cc   0x080029cc   0x00000018   Code   RO         2776    i.IAP_Flash_IsValidAddr  iap_flash.o
    0x080029e4   0x080029e4   0x0000000e   Code   RO         2779    i.IAP_Flash_Unlock  iap_flash.o
    0x080029f2   0x080029f2   0x00000062   Code   RO         2780    i.IAP_Flash_WriteData  iap_flash.o
    0x08002a54   0x08002a54   0x00000024   Code   RO         2888    i.IAP_TIMER_DeInit  iap_timer.o
    0x08002a78   0x08002a78   0x00000004   Code   RO         2889    i.IAP_TIMER_Init    iap_timer.o
    0x08002a7c   0x08002a7c   0x00000060   Code   RO         2942    i.IAP_UART_ClearBuffer  iap_uart.o
    0x08002adc   0x08002adc   0x0000001c   Code   RO         2943    i.IAP_UART_DataAvailable  iap_uart.o
    0x08002af8   0x08002af8   0x0000002c   Code   RO         2944    i.IAP_UART_DeInit   iap_uart.o
    0x08002b24   0x08002b24   0x00000018   Code   RO         2948    i.IAP_UART_Init     iap_uart.o
    0x08002b3c   0x08002b3c   0x00000050   Code   RO         2952    i.IAP_UART_ReceiveByte  iap_uart.o
    0x08002b8c   0x08002b8c   0x00000004   Code   RO         2953    i.IAP_UART_ReceiveByteWithStatus  iap_uart.o
    0x08002b90   0x08002b90   0x00000010   Code   RO         2954    i.IAP_UART_RxCompletedCallback  iap_uart.o
    0x08002ba0   0x08002ba0   0x00000018   Code   RO         2955    i.IAP_UART_SendByte  iap_uart.o
    0x08002bb8   0x08002bb8   0x0000001a   Code   RO         2781    i.IsPageErased      iap_flash.o
    0x08002bd2   0x08002bd2   0x00000002   PAD
    0x08002bd4   0x08002bd4   0x000000b0   Code   RO         3231    i.MD5_Final         iap_md5.o
    0x08002c84   0x08002c84   0x00000024   Code   RO         3232    i.MD5_Init          iap_md5.o
    0x08002ca8   0x08002ca8   0x0000083c   Code   RO         3233    i.MD5_Transform     iap_md5.o
    0x080034e4   0x080034e4   0x00000070   Code   RO         3234    i.MD5_Update        iap_md5.o
    0x08003554   0x08003554   0x0000002c   Code   RO          152    i.MX_GPIO_Init      gpio.o
    0x08003580   0x08003580   0x00000068   Code   RO          178    i.MX_TIM1_Init      tim.o
    0x080035e8   0x080035e8   0x00000038   Code   RO          220    i.MX_USART1_UART_Init  usart.o
    0x08003620   0x08003620   0x00000038   Code   RO          221    i.MX_USART2_UART_Init  usart.o
    0x08003658   0x08003658   0x00000002   Code   RO          287    i.MemManage_Handler  stm32f1xx_it.o
    0x0800365a   0x0800365a   0x00000002   Code   RO          288    i.NMI_Handler       stm32f1xx_it.o
    0x0800365c   0x0800365c   0x00000002   Code   RO          289    i.PendSV_Handler    stm32f1xx_it.o
    0x0800365e   0x0800365e   0x00000002   Code   RO          290    i.SVC_Handler       stm32f1xx_it.o
    0x08003660   0x08003660   0x00000004   Code   RO          291    i.SysTick_Handler   stm32f1xx_it.o
    0x08003664   0x08003664   0x0000005e   Code   RO           14    i.SystemClock_Config  main.o
    0x080036c2   0x080036c2   0x00000002   Code   RO         2734    i.SystemInit        system_stm32f1xx.o
    0x080036c4   0x080036c4   0x00000028   Code   RO         2893    i.TIM1_UP_IRQHandler  iap_timer.o
    0x080036ec   0x080036ec   0x0000009c   Code   RO          515    i.TIM_Base_SetConfig  stm32f1xx_hal_tim.o
    0x08003788   0x08003788   0x00000014   Code   RO          526    i.TIM_ETR_SetConfig  stm32f1xx_hal_tim.o
    0x0800379c   0x0800379c   0x00000010   Code   RO          527    i.TIM_ITRx_SetConfig  stm32f1xx_hal_tim.o
    0x080037ac   0x080037ac   0x00000022   Code   RO          533    i.TIM_TI1_ConfigInputStage  stm32f1xx_hal_tim.o
    0x080037ce   0x080037ce   0x00000024   Code   RO          535    i.TIM_TI2_ConfigInputStage  stm32f1xx_hal_tim.o
    0x080037f2   0x080037f2   0x0000004e   Code   RO         2423    i.UART_EndRxTransfer  stm32f1xx_hal_uart.o
    0x08003840   0x08003840   0x000000b8   Code   RO         2426    i.UART_SetConfig    stm32f1xx_hal_uart.o
    0x080038f8   0x080038f8   0x00000072   Code   RO         2429    i.UART_WaitOnFlagUntilTimeout  stm32f1xx_hal_uart.o
    0x0800396a   0x0800396a   0x00000002   PAD
    0x0800396c   0x0800396c   0x0000006c   Code   RO         2957    i.USART1_IRQHandler  iap_uart.o
    0x080039d8   0x080039d8   0x00000002   Code   RO          292    i.UsageFault_Handler  stm32f1xx_it.o
    0x080039da   0x080039da   0x00000020   Code   RO         3277    i.Ymodem_EraseFirmware  ymodem.o
    0x080039fa   0x080039fa   0x00000002   PAD
    0x080039fc   0x080039fc   0x00000130   Code   RO         3278    i.Ymodem_HandleError  ymodem.o
    0x08003b2c   0x08003b2c   0x00000108   Code   RO         3279    i.Ymodem_HandleTimeout  ymodem.o
    0x08003c34   0x08003c34   0x00000002   Code   RO         3280    i.Ymodem_Init       ymodem.o
    0x08003c36   0x08003c36   0x00000002   PAD
    0x08003c38   0x08003c38   0x00000294   Code   RO         3281    i.Ymodem_ParseFileInfo  ymodem.o
    0x08003ecc   0x08003ecc   0x00000080   Code   RO         3282    i.Ymodem_ParseFirmwareHeader  ymodem.o
    0x08003f4c   0x08003f4c   0x000000a8   Code   RO         3283    i.Ymodem_ProcessDataPacket  ymodem.o
    0x08003ff4   0x08003ff4   0x00000208   Code   RO         3284    i.Ymodem_ProcessFirmwareData  ymodem.o
    0x080041fc   0x080041fc   0x0000023c   Code   RO         3285    i.Ymodem_ProcessHeaderPacket  ymodem.o
    0x08004438   0x08004438   0x00000032   Code   RO         3286    i.Ymodem_ReceiveChar  ymodem.o
    0x0800446a   0x0800446a   0x00000002   PAD
    0x0800446c   0x0800446c   0x00000348   Code   RO         3287    i.Ymodem_ReceiveFile  ymodem.o
    0x080047b4   0x080047b4   0x000003ec   Code   RO         3288    i.Ymodem_ReceivePacket  ymodem.o
    0x08004ba0   0x08004ba0   0x00000018   Code   RO         3289    i.Ymodem_ResetContext  ymodem.o
    0x08004bb8   0x08004bb8   0x00000030   Code   RO         3290    i.Ymodem_SaveFirmwareHeader  ymodem.o
    0x08004be8   0x08004be8   0x00000054   Code   RO         3291    i.Ymodem_SendCancel  ymodem.o
    0x08004c3c   0x08004c3c   0x00000240   Code   RO         3292    i.Ymodem_VerifyAndSaveFirmware  ymodem.o
    0x08004e7c   0x08004e7c   0x00000072   Code   RO         3293    i.Ymodem_VerifyFirmware  ymodem.o
    0x08004eee   0x08004eee   0x00000020   Code   RO         1883    i.__NVIC_SetPriority  stm32f1xx_hal_cortex.o
    0x08004f0e   0x08004f0e   0x0000000e   Code   RO         3443    i._is_digit         c_w.l(__printf_wp.o)
    0x08004f1c   0x08004f1c   0x00000002   Code   RO          222    i._sys_exit         usart.o
    0x08004f1e   0x08004f1e   0x00000002   PAD
    0x08004f20   0x08004f20   0x00000024   Code   RO          223    i.fputc             usart.o
    0x08004f44   0x08004f44   0x00000108   Code   RO         3150    i.iap_core_display_firmware_information  iap_core.o
    0x0800504c   0x0800504c   0x000000a0   Code   RO         3151    i.iap_core_prepare_jump_environment  iap_core.o
    0x080050ec   0x080050ec   0x00000100   Code   RO         3152    i.iap_core_validate_application_vectors  iap_core.o
    0x080051ec   0x080051ec   0x0000001a   Code   RO           15    i.main              main.o
    0x08005206   0x08005206   0x00000012   Data   RO         1581    .constdata          stm32f1xx_hal_rcc.o
    0x08005218   0x08005218   0x00000010   Data   RO         2735    .constdata          system_stm32f1xx.o
    0x08005228   0x08005228   0x00000008   Data   RO         2736    .constdata          system_stm32f1xx.o
    0x08005230   0x08005230   0x00000200   Data   RO         3294    .constdata          ymodem.o
    0x08005430   0x08005430   0x00000028   Data   RO         3416    .constdata          c_w.l(_printf_hex_int.o)
    0x08005458   0x08005458   0x00000011   Data   RO         3446    .constdata          c_w.l(__printf_flags_wp.o)
    0x08005469   0x08005469   0x00000003   PAD
    0x0800546c   0x0800546c   0x000002b3   Data   RO         3073    .conststring        iap_bootloader.o
    0x0800571f   0x0800571f   0x00000001   PAD
    0x08005720   0x08005720   0x000002e9   Data   RO         3154    .conststring        iap_core.o
    0x08005a09   0x08005a09   0x00000003   PAD
    0x08005a0c   0x08005a0c   0x000006af   Data   RO         3295    .conststring        ymodem.o
    0x080060bb   0x080060bb   0x00000001   PAD
    0x080060bc   0x080060bc   0x00000020   Data   RO         3646    Region$$Table       anon$$obj.o


    Execution Region RW_IRAM1 (Exec base: 0x20000008, Load base: 0x080060dc, Size: 0x00000bd8, Max: 0x00010000, ABSOLUTE)

    Exec Addr    Load Addr    Size         Type   Attr      Idx    E Section Name        Object

    0x20000008   0x080060dc   0x00000001   Data   RW          225    .data               usart.o
    0x20000009   0x080060dd   0x00000003   PAD
    0x2000000c   0x080060e0   0x00000004   Data   RW          226    .data               usart.o
    0x20000010   0x080060e4   0x0000000c   Data   RW         1418    .data               stm32f1xx_hal.o
    0x2000001c   0x080060f0   0x00000004   Data   RW         2737    .data               system_stm32f1xx.o
    0x20000020   0x080060f4   0x00000004   Data   RW         3074    .data               iap_bootloader.o
    0x20000024   0x080060f8   0x00000004   Data   RW         3155    .data               iap_core.o
    0x20000028   0x080060fc   0x00000004   Data   RW         3296    .data               ymodem.o
    0x2000002c        -       0x00000048   Zero   RW          179    .bss                tim.o
    0x20000074        -       0x00000090   Zero   RW          224    .bss                usart.o
    0x20000104   0x08006100   0x00000004   PAD
    0x20000108        -       0x00000020   Zero   RW         2124    .bss                stm32f1xx_hal_flash.o
    0x20000128        -       0x00000418   Zero   RW         2958    .bss                iap_uart.o
    0x20000540        -       0x00000040   Zero   RW         3153    .bss                iap_core.o
    0x20000580        -       0x00000060   Zero   RW         3522    .bss                c_w.l(libspace.o)
    0x200005e0        -       0x00000200   Zero   RW            2    HEAP                startup_stm32f103xe.o
    0x200007e0        -       0x00000400   Zero   RW            1    STACK               startup_stm32f103xe.o


==============================================================================

Image component sizes


      Code (inc. data)   RO Data    RW Data    ZI Data      Debug   Object Name

        44          6          0          0          0        783   gpio.o
      2476       1624        691          4          0       7020   iap_bootloader.o
      1930       1140        745          4         64      11058   iap_core.o
       362         26          0          0          0       8983   iap_flash.o
      2432        328          0          0          0       4720   iap_md5.o
        80         12          0          0          0       1918   iap_timer.o
       424         56          0          0       1048       5692   iap_uart.o
       124          0          0          0          0     495168   main.o
        64         26        304          0       1536        812   startup_stm32f103xe.o
       164         28          0         12          0       6517   stm32f1xx_hal.o
       232         14          0          0          0      29629   stm32f1xx_hal_cortex.o
       392         46          0          0         32       4738   stm32f1xx_hal_flash.o
       240         26          0          0          0       3253   stm32f1xx_hal_flash_ex.o
       820         74          0          0          0       3262   stm32f1xx_hal_gpio.o
        60          8          0          0          0        878   stm32f1xx_hal_msp.o
      1240         84         18          0          0       5116   stm32f1xx_hal_rcc.o
       750         22          0          0          0       7924   stm32f1xx_hal_tim.o
       124         20          0          0          0       1360   stm32f1xx_hal_tim_ex.o
       690          6          0          0          0       5310   stm32f1xx_hal_uart.o
        20          0          0          0          0       3878   stm32f1xx_it.o
         2          0         24          4          0       1119   system_stm32f1xx.o
       200         28          0          0         72       2159   tim.o
       438         62          0          5        144       5318   usart.o
      5390       2688       2223          4          0      15051   ymodem.o

    ----------------------------------------------------------------------
     18716       6324       4042         36       2900     631666   Object Totals
         0          0         32          0          0          0   (incl. Generated)
        18          0          5          3          4          0   (incl. Padding)

    ----------------------------------------------------------------------

      Code (inc. data)   RO Data    RW Data    ZI Data      Debug   Library Member Name

         8          0          0          0          0         68   __main.o
       312          4         17          0          0         92   __printf_flags_wp.o
        14          0          0          0          0         68   __printf_wp.o
         0          0          0          0          0          0   __rtentry.o
        12          0          0          0          0          0   __rtentry2.o
         6          0          0          0          0          0   __rtentry4.o
        52          8          0          0          0          0   __scatter.o
        26          0          0          0          0          0   __scatter_copy.o
        28          0          0          0          0          0   __scatter_zi.o
        44          0          0          0          0        108   _printf_char.o
        48          6          0          0          0         96   _printf_char_common.o
        36          4          0          0          0         80   _printf_char_file.o
         6          0          0          0          0          0   _printf_d.o
       120         16          0          0          0         92   _printf_dec.o
        88          4         40          0          0         88   _printf_hex_int.o
       178          0          0          0          0         88   _printf_intcommon.o
        78          0          0          0          0        108   _printf_pad.o
         0          0          0          0          0          0   _printf_percent.o
         4          0          0          0          0          0   _printf_percent_end.o
         6          0          0          0          0          0   _printf_s.o
        82          0          0          0          0         80   _printf_str.o
         6          0          0          0          0          0   _printf_u.o
         6          0          0          0          0          0   _printf_x.o
        16          0          0          0          0         68   _snputc.o
        10          0          0          0          0         68   _sputc.o
        18          0          0          0          0         80   exit.o
         8          0          0          0          0         68   ferror.o
         6          0          0          0          0        152   heapauxi.o
         2          0          0          0          0          0   libinit.o
         2          0          0          0          0          0   libinit2.o
         2          0          0          0          0          0   libshutdown.o
         2          0          0          0          0          0   libshutdown2.o
         8          4          0          0         96         68   libspace.o
        38          0          0          0          0         68   llushr.o
        24          4          0          0          0         84   noretval__2printf.o
        52          4          0          0          0         84   noretval__2snprintf.o
        68          0          0          0          0         68   rt_memclr.o
        78          0          0          0          0         80   rt_memclr_w.o
       138          0          0          0          0         68   rt_memcpy_v6.o
       100          0          0          0          0         80   rt_memcpy_w.o
         2          0          0          0          0          0   rtexit.o
        10          0          0          0          0          0   rtexit2.o
        62          0          0          0          0         76   strlen.o
        86          0          0          0          0         76   strncpy.o
        74          0          0          0          0         80   sys_stackheap_outer.o
         2          0          0          0          0         68   use_no_semi.o
         2          0          0          0          0         68   use_no_semi_2.o

    ----------------------------------------------------------------------
      1978         54         60          0         96       2372   Library Totals
         8          0          3          0          0          0   (incl. Padding)

    ----------------------------------------------------------------------

      Code (inc. data)   RO Data    RW Data    ZI Data      Debug   Library Name

      1970         54         57          0         96       2372   c_w.l

    ----------------------------------------------------------------------
      1978         54         60          0         96       2372   Library Totals

    ----------------------------------------------------------------------

==============================================================================


      Code (inc. data)   RO Data    RW Data    ZI Data      Debug   

     20694       6378       4102         36       2996     626338   Grand Totals
     20694       6378       4102         36       2996     626338   ELF Image Totals
     20694       6378       4102         36          0          0   ROM Totals

==============================================================================

    Total RO  Size (Code + RO Data)                24796 (  24.21kB)
    Total RW  Size (RW Data + ZI Data)              3032 (   2.96kB)
    Total ROM Size (Code + RO Data + RW Data)      24832 (  24.25kB)

==============================================================================

